
==========================================================================
cts final report_tns
--------------------------------------------------------------------------
tns 0.00

==========================================================================
cts final report_wns
--------------------------------------------------------------------------
wns 0.00

==========================================================================
cts final report_worst_slack
--------------------------------------------------------------------------
worst slack 13.95

==========================================================================
cts final report_clock_skew
--------------------------------------------------------------------------
Clock clk_25mhz
   1.10 source latency ascon_top_inst.ascon_permutation.s1[32]$_DFFE_PP_/CLK ^
  -0.87 target latency ascon_top_inst.ascon_permutation.state_out[260]$_SDFFCE_PP0P_/CLK ^
   0.15 clock uncertainty
   0.00 CRPR
--------------
   0.37 setup skew


==========================================================================
cts final report_checks -path_delay min
--------------------------------------------------------------------------
Startpoint: reset_n_phy (input port clocked by clk_25mhz)
Endpoint: ascon_top_inst.state_machine.current_state[2]$_DFFE_PN0P_
          (removal check against rising-edge clock clk_25mhz)
Path Group: asynchronous
Path Type: min

Fanout     Cap    Slew   Delay    Time   Description
-----------------------------------------------------------------------------
                          0.00    0.00   clock clk_25mhz (rise edge)
                          0.00    0.00   clock network delay (propagated)
                          2.00    2.00 ^ input external delay
     2    5.20    0.00    0.00    2.00 ^ reset_n_phy (in)
                                         reset_n_phy (net)
                  0.00    0.00    2.00 ^ u_pad_reset_n_phy/pad (sg13g2_IOPadIn)
     2    0.01    0.05    0.08    2.08 ^ u_pad_reset_n_phy/p2c (sg13g2_IOPadIn)
                                         ascon_top_inst.rst_n (net)
                  0.03    0.00    2.08 ^ fanout2083/A (sg13g2_buf_1)
     4    0.02    0.10    0.12    2.20 ^ fanout2083/X (sg13g2_buf_1)
                                         net2083 (net)
                  0.10    0.00    2.20 ^ ascon_top_inst.state_machine.current_state[2]$_DFFE_PN0P_/RESET_B (sg13g2_dfrbp_1)
                                  2.20   data arrival time

                          0.00    0.00   clock clk_25mhz (rise edge)
                          0.00    0.00   clock source latency
     1    0.01    0.04    0.00    0.00 ^ u_pad_io_clk/p2c (sg13g2_IOPadIn)
                                         ascon_top_inst.ascon_permutation.clk (net)
                  0.03    0.00    0.00 ^ clkbuf_0_ascon_top_inst.ascon_permutation.clk/A (sg13g2_buf_2)
    16    0.30    0.62    0.49    0.49 ^ clkbuf_0_ascon_top_inst.ascon_permutation.clk/X (sg13g2_buf_2)
                                         clknet_0_ascon_top_inst.ascon_permutation.clk (net)
                  0.62    0.00    0.49 ^ clkbuf_4_9_0_ascon_top_inst.ascon_permutation.clk/A (sg13g2_buf_4)
     2    0.02    0.06    0.26    0.76 ^ clkbuf_4_9_0_ascon_top_inst.ascon_permutation.clk/X (sg13g2_buf_4)
                                         clknet_4_9_0_ascon_top_inst.ascon_permutation.clk (net)
                  0.06    0.00    0.76 ^ clkbuf_5_19__f_ascon_top_inst.ascon_permutation.clk/A (sg13g2_buf_2)
     7    0.06    0.13    0.17    0.92 ^ clkbuf_5_19__f_ascon_top_inst.ascon_permutation.clk/X (sg13g2_buf_2)
                                         clknet_5_19__leaf_ascon_top_inst.ascon_permutation.clk (net)
                  0.13    0.00    0.92 ^ clkbuf_leaf_188_ascon_top_inst.ascon_permutation.clk/A (sg13g2_buf_4)
     8    0.02    0.04    0.15    1.07 ^ clkbuf_leaf_188_ascon_top_inst.ascon_permutation.clk/X (sg13g2_buf_4)
                                         clknet_leaf_188_ascon_top_inst.ascon_permutation.clk (net)
                  0.04    0.00    1.07 ^ ascon_top_inst.state_machine.current_state[2]$_DFFE_PN0P_/CLK (sg13g2_dfrbp_1)
                          0.15    1.22   clock uncertainty
                          0.00    1.22   clock reconvergence pessimism
                         -0.12    1.10   library removal time
                                  1.10   data required time
-----------------------------------------------------------------------------
                                  1.10   data required time
                                 -2.20   data arrival time
-----------------------------------------------------------------------------
                                  1.10   slack (MET)


Startpoint: ascon_top_inst.ascon_permutation.state_out[260]$_SDFFCE_PP0P_
            (rising edge-triggered flip-flop clocked by clk_25mhz)
Endpoint: ascon_top_inst.state_reg[260]$_SDFFE_PN0P_
          (rising edge-triggered flip-flop clocked by clk_25mhz)
Path Group: clk_25mhz
Path Type: min

Fanout     Cap    Slew   Delay    Time   Description
-----------------------------------------------------------------------------
                          0.00    0.00   clock clk_25mhz (rise edge)
                          0.00    0.00   clock source latency
     1    0.01    0.04    0.00    0.00 ^ u_pad_io_clk/p2c (sg13g2_IOPadIn)
                                         ascon_top_inst.ascon_permutation.clk (net)
                  0.03    0.00    0.00 ^ clkbuf_0_ascon_top_inst.ascon_permutation.clk/A (sg13g2_buf_2)
    16    0.30    0.62    0.49    0.49 ^ clkbuf_0_ascon_top_inst.ascon_permutation.clk/X (sg13g2_buf_2)
                                         clknet_0_ascon_top_inst.ascon_permutation.clk (net)
                  0.62    0.00    0.49 ^ clkbuf_4_15_0_ascon_top_inst.ascon_permutation.clk/A (sg13g2_buf_4)
     2    0.02    0.06    0.26    0.75 ^ clkbuf_4_15_0_ascon_top_inst.ascon_permutation.clk/X (sg13g2_buf_4)
                                         clknet_4_15_0_ascon_top_inst.ascon_permutation.clk (net)
                  0.06    0.00    0.75 ^ clkbuf_5_30__f_ascon_top_inst.ascon_permutation.clk/A (sg13g2_buf_2)
     7    0.03    0.07    0.12    0.87 ^ clkbuf_5_30__f_ascon_top_inst.ascon_permutation.clk/X (sg13g2_buf_2)
                                         clknet_5_30__leaf_ascon_top_inst.ascon_permutation.clk (net)
                  0.07    0.00    0.87 ^ ascon_top_inst.ascon_permutation.state_out[260]$_SDFFCE_PP0P_/CLK (sg13g2_dfrbp_1)
     2    0.01    0.03    0.22    1.10 v ascon_top_inst.ascon_permutation.state_out[260]$_SDFFCE_PP0P_/Q (sg13g2_dfrbp_1)
                                         ascon_top_inst.ascon_permutation.state_out[260] (net)
                  0.03    0.00    1.10 v _15207_/B (sg13g2_nand3_1)
     1    0.00    0.03    0.04    1.14 ^ _15207_/Y (sg13g2_nand3_1)
                                         _06977_ (net)
                  0.03    0.00    1.14 ^ _15208_/B1 (sg13g2_o21ai_1)
     1    0.00    0.03    0.04    1.18 v _15208_/Y (sg13g2_o21ai_1)
                                         _06978_ (net)
                  0.03    0.00    1.18 v _15209_/B1 (sg13g2_a22oi_1)
     1    0.00    0.05    0.05    1.23 ^ _15209_/Y (sg13g2_a22oi_1)
                                         _06979_ (net)
                  0.05    0.00    1.23 ^ _15210_/B (sg13g2_nor2_1)
     1    0.00    0.02    0.03    1.26 v _15210_/Y (sg13g2_nor2_1)
                                         _01249_ (net)
                  0.02    0.00    1.26 v ascon_top_inst.state_reg[260]$_SDFFE_PN0P_/D (sg13g2_dfrbp_1)
                                  1.26   data arrival time

                          0.00    0.00   clock clk_25mhz (rise edge)
                          0.00    0.00   clock source latency
     1    0.01    0.04    0.00    0.00 ^ u_pad_io_clk/p2c (sg13g2_IOPadIn)
                                         ascon_top_inst.ascon_permutation.clk (net)
                  0.03    0.00    0.00 ^ clkbuf_0_ascon_top_inst.ascon_permutation.clk/A (sg13g2_buf_2)
    16    0.30    0.62    0.49    0.49 ^ clkbuf_0_ascon_top_inst.ascon_permutation.clk/X (sg13g2_buf_2)
                                         clknet_0_ascon_top_inst.ascon_permutation.clk (net)
                  0.62    0.00    0.49 ^ clkbuf_4_9_0_ascon_top_inst.ascon_permutation.clk/A (sg13g2_buf_4)
     2    0.02    0.06    0.26    0.76 ^ clkbuf_4_9_0_ascon_top_inst.ascon_permutation.clk/X (sg13g2_buf_4)
                                         clknet_4_9_0_ascon_top_inst.ascon_permutation.clk (net)
                  0.06    0.00    0.76 ^ clkbuf_5_19__f_ascon_top_inst.ascon_permutation.clk/A (sg13g2_buf_2)
     7    0.06    0.13    0.17    0.92 ^ clkbuf_5_19__f_ascon_top_inst.ascon_permutation.clk/X (sg13g2_buf_2)
                                         clknet_5_19__leaf_ascon_top_inst.ascon_permutation.clk (net)
                  0.13    0.00    0.92 ^ clkbuf_leaf_192_ascon_top_inst.ascon_permutation.clk/A (sg13g2_buf_4)
     8    0.02    0.05    0.15    1.07 ^ clkbuf_leaf_192_ascon_top_inst.ascon_permutation.clk/X (sg13g2_buf_4)
                                         clknet_leaf_192_ascon_top_inst.ascon_permutation.clk (net)
                  0.05    0.00    1.07 ^ ascon_top_inst.state_reg[260]$_SDFFE_PN0P_/CLK (sg13g2_dfrbp_1)
                          0.15    1.22   clock uncertainty
                          0.00    1.22   clock reconvergence pessimism
                         -0.03    1.20   library hold time
                                  1.20   data required time
-----------------------------------------------------------------------------
                                  1.20   data required time
                                 -1.26   data arrival time
-----------------------------------------------------------------------------
                                  0.07   slack (MET)



==========================================================================
cts final report_checks -path_delay max
--------------------------------------------------------------------------
Startpoint: reset_n_phy (input port clocked by clk_25mhz)
Endpoint: ascon_top_inst.msg_start_prev$_DFF_PN0_
          (recovery check against rising-edge clock clk_25mhz)
Path Group: asynchronous
Path Type: max

Fanout     Cap    Slew   Delay    Time   Description
-----------------------------------------------------------------------------
                          0.00    0.00   clock clk_25mhz (rise edge)
                          0.00    0.00   clock network delay (propagated)
                          2.00    2.00 ^ input external delay
     2    5.24    0.00    0.00    2.00 ^ reset_n_phy (in)
                                         reset_n_phy (net)
                  0.00    0.00    2.00 ^ u_pad_reset_n_phy/pad (sg13g2_IOPadIn)
     2    0.01    0.05    0.08    2.08 ^ u_pad_reset_n_phy/p2c (sg13g2_IOPadIn)
                                         ascon_top_inst.rst_n (net)
                  0.03    0.00    2.08 ^ fanout2082/A (sg13g2_buf_1)
     8    0.05    0.23    0.21    2.29 ^ fanout2082/X (sg13g2_buf_1)
                                         net2082 (net)
                  0.23    0.00    2.29 ^ ascon_top_inst.msg_start_prev$_DFF_PN0_/RESET_B (sg13g2_dfrbp_1)
                                  2.29   data arrival time

                         20.83   20.83   clock clk_25mhz (rise edge)
                          0.00   20.83   clock source latency
     1    0.01    0.04    0.00   20.83 ^ u_pad_io_clk/p2c (sg13g2_IOPadIn)
                                         ascon_top_inst.ascon_permutation.clk (net)
                  0.03    0.00   20.83 ^ clkbuf_0_ascon_top_inst.ascon_permutation.clk/A (sg13g2_buf_2)
    16    0.30    0.62    0.49   21.32 ^ clkbuf_0_ascon_top_inst.ascon_permutation.clk/X (sg13g2_buf_2)
                                         clknet_0_ascon_top_inst.ascon_permutation.clk (net)
                  0.62    0.00   21.33 ^ clkbuf_4_8_0_ascon_top_inst.ascon_permutation.clk/A (sg13g2_buf_4)
     2    0.02    0.06    0.26   21.59 ^ clkbuf_4_8_0_ascon_top_inst.ascon_permutation.clk/X (sg13g2_buf_4)
                                         clknet_4_8_0_ascon_top_inst.ascon_permutation.clk (net)
                  0.06    0.00   21.59 ^ clkbuf_5_17__f_ascon_top_inst.ascon_permutation.clk/A (sg13g2_buf_2)
     7    0.06    0.12    0.16   21.75 ^ clkbuf_5_17__f_ascon_top_inst.ascon_permutation.clk/X (sg13g2_buf_2)
                                         clknet_5_17__leaf_ascon_top_inst.ascon_permutation.clk (net)
                  0.12    0.00   21.75 ^ clkbuf_leaf_174_ascon_top_inst.ascon_permutation.clk/A (sg13g2_buf_4)
     7    0.02    0.04    0.14   21.89 ^ clkbuf_leaf_174_ascon_top_inst.ascon_permutation.clk/X (sg13g2_buf_4)
                                         clknet_leaf_174_ascon_top_inst.ascon_permutation.clk (net)
                  0.04    0.00   21.89 ^ ascon_top_inst.msg_start_prev$_DFF_PN0_/CLK (sg13g2_dfrbp_1)
                         -0.15   21.74   clock uncertainty
                          0.00   21.74   clock reconvergence pessimism
                         -0.18   21.56   library recovery time
                                 21.56   data required time
-----------------------------------------------------------------------------
                                 21.56   data required time
                                 -2.29   data arrival time
-----------------------------------------------------------------------------
                                 19.27   slack (MET)


Startpoint: uart_tx_inst.o_Tx_Serial$_DFFE_PP_
            (rising edge-triggered flip-flop clocked by clk_25mhz)
Endpoint: tx_phy (output port clocked by clk_25mhz)
Path Group: clk_25mhz
Path Type: max

Fanout     Cap    Slew   Delay    Time   Description
-----------------------------------------------------------------------------
                          0.00    0.00   clock clk_25mhz (rise edge)
                          0.00    0.00   clock source latency
     1    0.01    0.04    0.00    0.00 ^ u_pad_io_clk/p2c (sg13g2_IOPadIn)
                                         ascon_top_inst.ascon_permutation.clk (net)
                  0.03    0.00    0.00 ^ clkbuf_0_ascon_top_inst.ascon_permutation.clk/A (sg13g2_buf_2)
    16    0.30    0.62    0.49    0.49 ^ clkbuf_0_ascon_top_inst.ascon_permutation.clk/X (sg13g2_buf_2)
                                         clknet_0_ascon_top_inst.ascon_permutation.clk (net)
                  0.62    0.00    0.49 ^ clkbuf_4_10_0_ascon_top_inst.ascon_permutation.clk/A (sg13g2_buf_4)
     2    0.02    0.06    0.26    0.75 ^ clkbuf_4_10_0_ascon_top_inst.ascon_permutation.clk/X (sg13g2_buf_4)
                                         clknet_4_10_0_ascon_top_inst.ascon_permutation.clk (net)
                  0.06    0.00    0.75 ^ clkbuf_5_21__f_ascon_top_inst.ascon_permutation.clk/A (sg13g2_buf_2)
     7    0.05    0.11    0.16    0.91 ^ clkbuf_5_21__f_ascon_top_inst.ascon_permutation.clk/X (sg13g2_buf_2)
                                         clknet_5_21__leaf_ascon_top_inst.ascon_permutation.clk (net)
                  0.11    0.00    0.91 ^ clkbuf_leaf_160_ascon_top_inst.ascon_permutation.clk/A (sg13g2_buf_4)
     8    0.02    0.04    0.14    1.05 ^ clkbuf_leaf_160_ascon_top_inst.ascon_permutation.clk/X (sg13g2_buf_4)
                                         clknet_leaf_160_ascon_top_inst.ascon_permutation.clk (net)
                  0.04    0.00    1.05 ^ uart_tx_inst.o_Tx_Serial$_DFFE_PP_/CLK (sg13g2_dfrbp_1)
     4    0.05    0.22    0.35    1.40 ^ uart_tx_inst.o_Tx_Serial$_DFFE_PP_/Q (sg13g2_dfrbp_1)
                                         core_tx_phy (net)
                  0.29    0.00    1.40 ^ u_pad_tx_phy/c2p (sg13g2_IOPadOut4mA)
     2    5.00    4.68    3.33    4.73 ^ u_pad_tx_phy/pad (sg13g2_IOPadOut4mA)
                                         tx_phy (net)
                  3.51    0.00    4.73 ^ tx_phy (out)
                                  4.73   data arrival time

                         20.83   20.83   clock clk_25mhz (rise edge)
                          0.00   20.83   clock network delay (propagated)
                         -0.15   20.68   clock uncertainty
                          0.00   20.68   clock reconvergence pessimism
                         -2.00   18.68   output external delay
                                 18.68   data required time
-----------------------------------------------------------------------------
                                 18.68   data required time
                                 -4.73   data arrival time
-----------------------------------------------------------------------------
                                 13.95   slack (MET)



==========================================================================
cts final report_checks -unconstrained
--------------------------------------------------------------------------
Startpoint: reset_n_phy (input port clocked by clk_25mhz)
Endpoint: ascon_top_inst.msg_start_prev$_DFF_PN0_
          (recovery check against rising-edge clock clk_25mhz)
Path Group: asynchronous
Path Type: max

Fanout     Cap    Slew   Delay    Time   Description
-----------------------------------------------------------------------------
                          0.00    0.00   clock clk_25mhz (rise edge)
                          0.00    0.00   clock network delay (propagated)
                          2.00    2.00 ^ input external delay
     2    5.24    0.00    0.00    2.00 ^ reset_n_phy (in)
                                         reset_n_phy (net)
                  0.00    0.00    2.00 ^ u_pad_reset_n_phy/pad (sg13g2_IOPadIn)
     2    0.01    0.05    0.08    2.08 ^ u_pad_reset_n_phy/p2c (sg13g2_IOPadIn)
                                         ascon_top_inst.rst_n (net)
                  0.03    0.00    2.08 ^ fanout2082/A (sg13g2_buf_1)
     8    0.05    0.23    0.21    2.29 ^ fanout2082/X (sg13g2_buf_1)
                                         net2082 (net)
                  0.23    0.00    2.29 ^ ascon_top_inst.msg_start_prev$_DFF_PN0_/RESET_B (sg13g2_dfrbp_1)
                                  2.29   data arrival time

                         20.83   20.83   clock clk_25mhz (rise edge)
                          0.00   20.83   clock source latency
     1    0.01    0.04    0.00   20.83 ^ u_pad_io_clk/p2c (sg13g2_IOPadIn)
                                         ascon_top_inst.ascon_permutation.clk (net)
                  0.03    0.00   20.83 ^ clkbuf_0_ascon_top_inst.ascon_permutation.clk/A (sg13g2_buf_2)
    16    0.30    0.62    0.49   21.32 ^ clkbuf_0_ascon_top_inst.ascon_permutation.clk/X (sg13g2_buf_2)
                                         clknet_0_ascon_top_inst.ascon_permutation.clk (net)
                  0.62    0.00   21.33 ^ clkbuf_4_8_0_ascon_top_inst.ascon_permutation.clk/A (sg13g2_buf_4)
     2    0.02    0.06    0.26   21.59 ^ clkbuf_4_8_0_ascon_top_inst.ascon_permutation.clk/X (sg13g2_buf_4)
                                         clknet_4_8_0_ascon_top_inst.ascon_permutation.clk (net)
                  0.06    0.00   21.59 ^ clkbuf_5_17__f_ascon_top_inst.ascon_permutation.clk/A (sg13g2_buf_2)
     7    0.06    0.12    0.16   21.75 ^ clkbuf_5_17__f_ascon_top_inst.ascon_permutation.clk/X (sg13g2_buf_2)
                                         clknet_5_17__leaf_ascon_top_inst.ascon_permutation.clk (net)
                  0.12    0.00   21.75 ^ clkbuf_leaf_174_ascon_top_inst.ascon_permutation.clk/A (sg13g2_buf_4)
     7    0.02    0.04    0.14   21.89 ^ clkbuf_leaf_174_ascon_top_inst.ascon_permutation.clk/X (sg13g2_buf_4)
                                         clknet_leaf_174_ascon_top_inst.ascon_permutation.clk (net)
                  0.04    0.00   21.89 ^ ascon_top_inst.msg_start_prev$_DFF_PN0_/CLK (sg13g2_dfrbp_1)
                         -0.15   21.74   clock uncertainty
                          0.00   21.74   clock reconvergence pessimism
                         -0.18   21.56   library recovery time
                                 21.56   data required time
-----------------------------------------------------------------------------
                                 21.56   data required time
                                 -2.29   data arrival time
-----------------------------------------------------------------------------
                                 19.27   slack (MET)


Startpoint: uart_tx_inst.o_Tx_Serial$_DFFE_PP_
            (rising edge-triggered flip-flop clocked by clk_25mhz)
Endpoint: tx_phy (output port clocked by clk_25mhz)
Path Group: clk_25mhz
Path Type: max

Fanout     Cap    Slew   Delay    Time   Description
-----------------------------------------------------------------------------
                          0.00    0.00   clock clk_25mhz (rise edge)
                          0.00    0.00   clock source latency
     1    0.01    0.04    0.00    0.00 ^ u_pad_io_clk/p2c (sg13g2_IOPadIn)
                                         ascon_top_inst.ascon_permutation.clk (net)
                  0.03    0.00    0.00 ^ clkbuf_0_ascon_top_inst.ascon_permutation.clk/A (sg13g2_buf_2)
    16    0.30    0.62    0.49    0.49 ^ clkbuf_0_ascon_top_inst.ascon_permutation.clk/X (sg13g2_buf_2)
                                         clknet_0_ascon_top_inst.ascon_permutation.clk (net)
                  0.62    0.00    0.49 ^ clkbuf_4_10_0_ascon_top_inst.ascon_permutation.clk/A (sg13g2_buf_4)
     2    0.02    0.06    0.26    0.75 ^ clkbuf_4_10_0_ascon_top_inst.ascon_permutation.clk/X (sg13g2_buf_4)
                                         clknet_4_10_0_ascon_top_inst.ascon_permutation.clk (net)
                  0.06    0.00    0.75 ^ clkbuf_5_21__f_ascon_top_inst.ascon_permutation.clk/A (sg13g2_buf_2)
     7    0.05    0.11    0.16    0.91 ^ clkbuf_5_21__f_ascon_top_inst.ascon_permutation.clk/X (sg13g2_buf_2)
                                         clknet_5_21__leaf_ascon_top_inst.ascon_permutation.clk (net)
                  0.11    0.00    0.91 ^ clkbuf_leaf_160_ascon_top_inst.ascon_permutation.clk/A (sg13g2_buf_4)
     8    0.02    0.04    0.14    1.05 ^ clkbuf_leaf_160_ascon_top_inst.ascon_permutation.clk/X (sg13g2_buf_4)
                                         clknet_leaf_160_ascon_top_inst.ascon_permutation.clk (net)
                  0.04    0.00    1.05 ^ uart_tx_inst.o_Tx_Serial$_DFFE_PP_/CLK (sg13g2_dfrbp_1)
     4    0.05    0.22    0.35    1.40 ^ uart_tx_inst.o_Tx_Serial$_DFFE_PP_/Q (sg13g2_dfrbp_1)
                                         core_tx_phy (net)
                  0.29    0.00    1.40 ^ u_pad_tx_phy/c2p (sg13g2_IOPadOut4mA)
     2    5.00    4.68    3.33    4.73 ^ u_pad_tx_phy/pad (sg13g2_IOPadOut4mA)
                                         tx_phy (net)
                  3.51    0.00    4.73 ^ tx_phy (out)
                                  4.73   data arrival time

                         20.83   20.83   clock clk_25mhz (rise edge)
                          0.00   20.83   clock network delay (propagated)
                         -0.15   20.68   clock uncertainty
                          0.00   20.68   clock reconvergence pessimism
                         -2.00   18.68   output external delay
                                 18.68   data required time
-----------------------------------------------------------------------------
                                 18.68   data required time
                                 -4.73   data arrival time
-----------------------------------------------------------------------------
                                 13.95   slack (MET)



==========================================================================
cts final report_check_types -max_slew -max_cap -max_fanout -violators
--------------------------------------------------------------------------
max slew

Pin                                    Limit    Slew   Slack
------------------------------------------------------------
u_pad_tx_phy/pad                        1.20    4.68   -3.48 (VIOLATED)
tx_phy                                  1.20    3.51   -2.31 (VIOLATED)

max fanout

Pin                                   Limit Fanout  Slack
---------------------------------------------------------
clkbuf_0_ascon_top_inst.ascon_permutation.clk/X      8     16     -8 (VIOLATED)

max capacitance

Pin                                    Limit     Cap   Slack
------------------------------------------------------------
u_pad_tx_phy/pad                        1.11    5.00   -3.89 (VIOLATED)


==========================================================================
cts final max_slew_check_slack
--------------------------------------------------------------------------
-3.483793258666992

==========================================================================
cts final max_slew_check_limit
--------------------------------------------------------------------------
1.2000000476837158

==========================================================================
cts final max_slew_check_slack_limit
--------------------------------------------------------------------------
-2.9032

==========================================================================
cts final max_fanout_check_slack
--------------------------------------------------------------------------
-8.0

==========================================================================
cts final max_fanout_check_limit
--------------------------------------------------------------------------
8.0

==========================================================================
cts final max_fanout_check_slack_limit
--------------------------------------------------------------------------
-1.0000

==========================================================================
cts final max_capacitance_check_slack
--------------------------------------------------------------------------
-3.888540029525757

==========================================================================
cts final max_capacitance_check_limit
--------------------------------------------------------------------------
1.1114599704742432

==========================================================================
cts final max_capacitance_check_slack_limit
--------------------------------------------------------------------------
-3.4986

==========================================================================
cts final max_slew_violation_count
--------------------------------------------------------------------------
max slew violation count 2

==========================================================================
cts final max_fanout_violation_count
--------------------------------------------------------------------------
max fanout violation count 1

==========================================================================
cts final max_cap_violation_count
--------------------------------------------------------------------------
max cap violation count 1

==========================================================================
cts final setup_violation_count
--------------------------------------------------------------------------
setup violation count 0

==========================================================================
cts final hold_violation_count
--------------------------------------------------------------------------
hold violation count 0

==========================================================================
cts final report_checks -path_delay max reg to reg
--------------------------------------------------------------------------
Startpoint: ascon_top_inst.state_machine.current_state[0]$_DFFE_PN0P_
            (rising edge-triggered flip-flop clocked by clk_25mhz)
Endpoint: ascon_top_inst.ascon_permutation.state_out[260]$_SDFFCE_PP0P_
          (rising edge-triggered flip-flop clocked by clk_25mhz)
Path Group: clk_25mhz
Path Type: max

  Delay    Time   Description
---------------------------------------------------------
   0.00    0.00   clock clk_25mhz (rise edge)
   0.00    0.00   clock source latency
   0.00    0.00 ^ u_pad_io_clk/p2c (sg13g2_IOPadIn)
   0.49    0.49 ^ clkbuf_0_ascon_top_inst.ascon_permutation.clk/X (sg13g2_buf_2)
   0.26    0.76 ^ clkbuf_4_9_0_ascon_top_inst.ascon_permutation.clk/X (sg13g2_buf_4)
   0.17    0.92 ^ clkbuf_5_19__f_ascon_top_inst.ascon_permutation.clk/X (sg13g2_buf_2)
   0.15    1.07 ^ clkbuf_leaf_185_ascon_top_inst.ascon_permutation.clk/X (sg13g2_buf_4)
   0.00    1.07 ^ ascon_top_inst.state_machine.current_state[0]$_DFFE_PN0P_/CLK (sg13g2_dfrbp_1)
   0.21    1.28 ^ ascon_top_inst.state_machine.current_state[0]$_DFFE_PN0P_/Q (sg13g2_dfrbp_1)
   0.08    1.36 ^ _08900_/X (sg13g2_buf_1)
   0.08    1.44 ^ _08901_/X (sg13g2_buf_1)
   0.12    1.56 ^ fanout1978/X (sg13g2_buf_1)
   0.11    1.67 ^ _08905_/X (sg13g2_and2_1)
   0.08    1.75 ^ _08906_/X (sg13g2_buf_1)
   0.11    1.86 ^ _08907_/X (sg13g2_buf_1)
   0.09    1.95 ^ _08908_/X (sg13g2_buf_1)
   0.14    2.09 ^ fanout1854/X (sg13g2_buf_1)
   0.11    2.20 ^ _09004_/X (sg13g2_buf_1)
   0.13    2.32 ^ fanout1801/X (sg13g2_buf_1)
   0.11    2.44 ^ _13352_/X (sg13g2_buf_1)
   0.15    2.59 ^ fanout1679/X (sg13g2_buf_1)
   0.10    2.69 v _13469_/Y (sg13g2_nand3_1)
   0.04    2.73 ^ _13470_/Y (sg13g2_o21ai_1)
   0.00    2.73 ^ ascon_top_inst.ascon_permutation.state_out[260]$_SDFFCE_PP0P_/D (sg13g2_dfrbp_1)
           2.73   data arrival time

  20.83   20.83   clock clk_25mhz (rise edge)
   0.00   20.83   clock source latency
   0.00   20.83 ^ u_pad_io_clk/p2c (sg13g2_IOPadIn)
   0.49   21.32 ^ clkbuf_0_ascon_top_inst.ascon_permutation.clk/X (sg13g2_buf_2)
   0.26   21.59 ^ clkbuf_4_15_0_ascon_top_inst.ascon_permutation.clk/X (sg13g2_buf_4)
   0.12   21.71 ^ clkbuf_5_30__f_ascon_top_inst.ascon_permutation.clk/X (sg13g2_buf_2)
   0.00   21.71 ^ ascon_top_inst.ascon_permutation.state_out[260]$_SDFFCE_PP0P_/CLK (sg13g2_dfrbp_1)
  -0.15   21.56   clock uncertainty
   0.00   21.56   clock reconvergence pessimism
  -0.12   21.44   library setup time
          21.44   data required time
---------------------------------------------------------
          21.44   data required time
          -2.73   data arrival time
---------------------------------------------------------
          18.71   slack (MET)



==========================================================================
cts final report_checks -path_delay min reg to reg
--------------------------------------------------------------------------
Startpoint: ascon_top_inst.ascon_permutation.state_out[260]$_SDFFCE_PP0P_
            (rising edge-triggered flip-flop clocked by clk_25mhz)
Endpoint: ascon_top_inst.state_reg[260]$_SDFFE_PN0P_
          (rising edge-triggered flip-flop clocked by clk_25mhz)
Path Group: clk_25mhz
Path Type: min

  Delay    Time   Description
---------------------------------------------------------
   0.00    0.00   clock clk_25mhz (rise edge)
   0.00    0.00   clock source latency
   0.00    0.00 ^ u_pad_io_clk/p2c (sg13g2_IOPadIn)
   0.49    0.49 ^ clkbuf_0_ascon_top_inst.ascon_permutation.clk/X (sg13g2_buf_2)
   0.26    0.75 ^ clkbuf_4_15_0_ascon_top_inst.ascon_permutation.clk/X (sg13g2_buf_4)
   0.12    0.87 ^ clkbuf_5_30__f_ascon_top_inst.ascon_permutation.clk/X (sg13g2_buf_2)
   0.00    0.87 ^ ascon_top_inst.ascon_permutation.state_out[260]$_SDFFCE_PP0P_/CLK (sg13g2_dfrbp_1)
   0.22    1.10 v ascon_top_inst.ascon_permutation.state_out[260]$_SDFFCE_PP0P_/Q (sg13g2_dfrbp_1)
   0.04    1.14 ^ _15207_/Y (sg13g2_nand3_1)
   0.04    1.18 v _15208_/Y (sg13g2_o21ai_1)
   0.05    1.23 ^ _15209_/Y (sg13g2_a22oi_1)
   0.03    1.26 v _15210_/Y (sg13g2_nor2_1)
   0.00    1.26 v ascon_top_inst.state_reg[260]$_SDFFE_PN0P_/D (sg13g2_dfrbp_1)
           1.26   data arrival time

   0.00    0.00   clock clk_25mhz (rise edge)
   0.00    0.00   clock source latency
   0.00    0.00 ^ u_pad_io_clk/p2c (sg13g2_IOPadIn)
   0.49    0.49 ^ clkbuf_0_ascon_top_inst.ascon_permutation.clk/X (sg13g2_buf_2)
   0.26    0.76 ^ clkbuf_4_9_0_ascon_top_inst.ascon_permutation.clk/X (sg13g2_buf_4)
   0.17    0.92 ^ clkbuf_5_19__f_ascon_top_inst.ascon_permutation.clk/X (sg13g2_buf_2)
   0.15    1.07 ^ clkbuf_leaf_192_ascon_top_inst.ascon_permutation.clk/X (sg13g2_buf_4)
   0.00    1.07 ^ ascon_top_inst.state_reg[260]$_SDFFE_PN0P_/CLK (sg13g2_dfrbp_1)
   0.15    1.22   clock uncertainty
   0.00    1.22   clock reconvergence pessimism
  -0.03    1.20   library hold time
           1.20   data required time
---------------------------------------------------------
           1.20   data required time
          -1.26   data arrival time
---------------------------------------------------------
           0.07   slack (MET)



==========================================================================
cts final critical path target clock latency max path
--------------------------------------------------------------------------
1.0541

==========================================================================
cts final critical path target clock latency min path
--------------------------------------------------------------------------
1.0714

==========================================================================
cts final critical path source clock latency min path
--------------------------------------------------------------------------
0.0000

==========================================================================
cts final critical path delay
--------------------------------------------------------------------------
4.7292

==========================================================================
cts final critical path slack
--------------------------------------------------------------------------
13.9541

==========================================================================
cts final slack div critical path delay
--------------------------------------------------------------------------
295.062590

==========================================================================
cts final report_power
--------------------------------------------------------------------------
Group                  Internal  Switching    Leakage      Total
                          Power      Power      Power      Power (Watts)
----------------------------------------------------------------
Sequential             2.35e-03   1.27e-04   6.51e-07   2.48e-03  24.9%
Combinational          4.02e-03   3.40e-03   1.08e-06   7.42e-03  74.5%
Clock                  3.44e-05   2.66e-05   1.41e-07   6.12e-05   0.6%
Macro                  0.00e+00   0.00e+00   0.00e+00   0.00e+00   0.0%
Pad                    5.26e-07   1.77e-07   1.10e-08   7.13e-07   0.0%
----------------------------------------------------------------
Total                  6.40e-03   3.55e-03   1.88e-06   9.96e-03 100.0%
                          64.3%      35.7%       0.0%
