
==========================================================================
cts final report_tns
--------------------------------------------------------------------------
tns 0.00

==========================================================================
cts final report_wns
--------------------------------------------------------------------------
wns 0.00

==========================================================================
cts final report_worst_slack
--------------------------------------------------------------------------
worst slack 44.01

==========================================================================
cts final report_clock_skew
--------------------------------------------------------------------------
Clock clk_core
   0.75 source latency soc.system_core_cpu.RegFilePlugin_regFile[10][16]$_DFFE_PP_/CLK ^
  -0.62 target latency soc.system_core_cpu.decode_to_execute_RS2[16]$_DFFE_PN_/CLK ^
   0.15 clock uncertainty
   0.00 CRPR
--------------
   0.28 setup skew

Clock clk_jtag
   0.05 source latency soc.jtagBridge_1.jtag_tap_instruction[1]$_SDFFE_PN0N_/CLK ^
  -0.05 target latency soc.jtagBridge_1.flowCCUnsafeByToggle_1.inputArea_data_last$_DFFE_PP_/CLK ^
   0.15 clock uncertainty
   0.00 CRPR
--------------
   0.15 setup skew


==========================================================================
cts final report_checks -path_delay min
--------------------------------------------------------------------------
Startpoint: soc.system_core_cpu.execute_to_memory_MUL_LL[12]$_DFFE_PP_
            (rising edge-triggered flip-flop clocked by clk_core)
Endpoint: soc.system_core_cpu.memory_to_writeBack_MUL_LOW[12]$_DFF_P_
          (rising edge-triggered flip-flop clocked by clk_core)
Path Group: clk_core
Path Type: min

Fanout     Cap    Slew   Delay    Time   Description
-----------------------------------------------------------------------------
                          0.00    0.00   clock clk_core (rise edge)
                          0.00    0.00   clock source latency
     1    0.04    0.08    0.00    0.00 ^ sg13g2_IOPad_io_clock/p2c (sg13g2_IOPadIn)
                                         sg13g2_IOPad_io_clock_p2c (net)
                  0.06    0.00    0.00 ^ clkbuf_0_sg13g2_IOPad_io_clock_p2c/A (sg13g2_buf_8)
     4    0.21    0.11    0.16    0.16 ^ clkbuf_0_sg13g2_IOPad_io_clock_p2c/X (sg13g2_buf_8)
                                         clknet_0_sg13g2_IOPad_io_clock_p2c (net)
                  0.11    0.00    0.16 ^ clkbuf_2_3_0_sg13g2_IOPad_io_clock_p2c/A (sg13g2_buf_16)
     2    0.13    0.05    0.12    0.29 ^ clkbuf_2_3_0_sg13g2_IOPad_io_clock_p2c/X (sg13g2_buf_16)
                                         clknet_2_3_0_sg13g2_IOPad_io_clock_p2c (net)
                  0.05    0.00    0.29 ^ clkbuf_3_6_0_sg13g2_IOPad_io_clock_p2c/A (sg13g2_buf_16)
     8    0.27    0.08    0.12    0.41 ^ clkbuf_3_6_0_sg13g2_IOPad_io_clock_p2c/X (sg13g2_buf_16)
                                         clknet_3_6_0_sg13g2_IOPad_io_clock_p2c (net)
                  0.08    0.00    0.42 ^ clkbuf_6_51_0_sg13g2_IOPad_io_clock_p2c/A (sg13g2_buf_16)
     4    0.06    0.03    0.10    0.51 ^ clkbuf_6_51_0_sg13g2_IOPad_io_clock_p2c/X (sg13g2_buf_16)
                                         clknet_6_51_0_sg13g2_IOPad_io_clock_p2c (net)
                  0.03    0.00    0.51 ^ clkbuf_8_205__f_sg13g2_IOPad_io_clock_p2c/A (sg13g2_buf_8)
     8    0.13    0.08    0.11    0.63 ^ clkbuf_8_205__f_sg13g2_IOPad_io_clock_p2c/X (sg13g2_buf_8)
                                         clknet_8_205__leaf_sg13g2_IOPad_io_clock_p2c (net)
                  0.08    0.00    0.63 ^ soc.system_core_cpu.execute_to_memory_MUL_LL[12]$_DFFE_PP_/CLK (sg13g2_dfrbp_1)
     2    0.01    0.04    0.23    0.86 v soc.system_core_cpu.execute_to_memory_MUL_LL[12]$_DFFE_PP_/Q (sg13g2_dfrbp_1)
                                         soc.system_core_cpu._zz_memory_MUL_LOW_1[12] (net)
                  0.04    0.00    0.86 v soc.system_core_cpu.memory_to_writeBack_MUL_LOW[12]$_DFF_P_/D (sg13g2_dfrbp_1)
                                  0.86   data arrival time

                          0.00    0.00   clock clk_core (rise edge)
                          0.00    0.00   clock source latency
     1    0.04    0.08    0.00    0.00 ^ sg13g2_IOPad_io_clock/p2c (sg13g2_IOPadIn)
                                         sg13g2_IOPad_io_clock_p2c (net)
                  0.06    0.00    0.00 ^ clkbuf_0_sg13g2_IOPad_io_clock_p2c/A (sg13g2_buf_8)
     4    0.21    0.11    0.16    0.16 ^ clkbuf_0_sg13g2_IOPad_io_clock_p2c/X (sg13g2_buf_8)
                                         clknet_0_sg13g2_IOPad_io_clock_p2c (net)
                  0.11    0.00    0.16 ^ clkbuf_2_3_0_sg13g2_IOPad_io_clock_p2c/A (sg13g2_buf_16)
     2    0.13    0.05    0.12    0.29 ^ clkbuf_2_3_0_sg13g2_IOPad_io_clock_p2c/X (sg13g2_buf_16)
                                         clknet_2_3_0_sg13g2_IOPad_io_clock_p2c (net)
                  0.05    0.00    0.29 ^ clkbuf_3_6_0_sg13g2_IOPad_io_clock_p2c/A (sg13g2_buf_16)
     8    0.27    0.08    0.12    0.41 ^ clkbuf_3_6_0_sg13g2_IOPad_io_clock_p2c/X (sg13g2_buf_16)
                                         clknet_3_6_0_sg13g2_IOPad_io_clock_p2c (net)
                  0.08    0.00    0.42 ^ clkbuf_6_51_0_sg13g2_IOPad_io_clock_p2c/A (sg13g2_buf_16)
     4    0.06    0.03    0.10    0.51 ^ clkbuf_6_51_0_sg13g2_IOPad_io_clock_p2c/X (sg13g2_buf_16)
                                         clknet_6_51_0_sg13g2_IOPad_io_clock_p2c (net)
                  0.03    0.00    0.51 ^ clkbuf_8_206__f_sg13g2_IOPad_io_clock_p2c/A (sg13g2_buf_8)
     7    0.18    0.10    0.13    0.64 ^ clkbuf_8_206__f_sg13g2_IOPad_io_clock_p2c/X (sg13g2_buf_8)
                                         clknet_8_206__leaf_sg13g2_IOPad_io_clock_p2c (net)
                  0.10    0.00    0.65 ^ clkbuf_leaf_1204_sg13g2_IOPad_io_clock_p2c/A (sg13g2_buf_16)
     7    0.02    0.02    0.10    0.75 ^ clkbuf_leaf_1204_sg13g2_IOPad_io_clock_p2c/X (sg13g2_buf_16)
                                         clknet_leaf_1204_sg13g2_IOPad_io_clock_p2c (net)
                  0.02    0.00    0.75 ^ soc.system_core_cpu.memory_to_writeBack_MUL_LOW[12]$_DFF_P_/CLK (sg13g2_dfrbp_1)
                          0.15    0.90   clock uncertainty
                          0.00    0.90   clock reconvergence pessimism
                         -0.04    0.86   library hold time
                                  0.86   data required time
-----------------------------------------------------------------------------
                                  0.86   data required time
                                 -0.86   data arrival time
-----------------------------------------------------------------------------
                                  0.00   slack (MET)


Startpoint: soc.jtagBridge_1.jtag_idcodeArea_shifter[19]$_SDFFE_PP0P_
            (rising edge-triggered flip-flop clocked by clk_jtag)
Endpoint: soc.jtagBridge_1.jtag_idcodeArea_shifter[18]$_SDFFE_PP0P_
          (rising edge-triggered flip-flop clocked by clk_jtag)
Path Group: clk_jtag
Path Type: min

Fanout     Cap    Slew   Delay    Time   Description
-----------------------------------------------------------------------------
                          0.00    0.00   clock clk_jtag (rise edge)
                          0.00    0.00   clock source latency
    84    0.29    0.50    0.00    0.00 ^ sg13g2_IOPad_io_jtag_tck/p2c (sg13g2_IOPadIn)
                                         sg13g2_IOPad_io_jtag_tck_p2c (net)
                  0.39    0.05    0.05 ^ soc.jtagBridge_1.jtag_idcodeArea_shifter[19]$_SDFFE_PP0P_/CLK (sg13g2_dfrbp_1)
     1    0.00    0.02    0.30    0.35 v soc.jtagBridge_1.jtag_idcodeArea_shifter[19]$_SDFFE_PP0P_/Q (sg13g2_dfrbp_1)
                                         soc.jtagBridge_1.jtag_idcodeArea_shifter[19] (net)
                  0.02    0.00    0.35 v _215905_/A (sg13g2_buf_1)
     2    0.01    0.03    0.07    0.42 v _215905_/X (sg13g2_buf_1)
                                         _027064_ (net)
                  0.03    0.00    0.42 v _215906_/A (sg13g2_nand2_1)
     1    0.00    0.02    0.03    0.45 ^ _215906_/Y (sg13g2_nand2_1)
                                         _027065_ (net)
                  0.02    0.00    0.45 ^ _215908_/A1 (sg13g2_a21oi_1)
     1    0.00    0.02    0.05    0.49 v _215908_/Y (sg13g2_a21oi_1)
                                         _001495_ (net)
                  0.02    0.00    0.49 v soc.jtagBridge_1.jtag_idcodeArea_shifter[18]$_SDFFE_PP0P_/D (sg13g2_dfrbp_1)
                                  0.49   data arrival time

                          0.00    0.00   clock clk_jtag (rise edge)
                          0.00    0.00   clock source latency
    84    0.29    0.50    0.00    0.00 ^ sg13g2_IOPad_io_jtag_tck/p2c (sg13g2_IOPadIn)
                                         sg13g2_IOPad_io_jtag_tck_p2c (net)
                  0.39    0.05    0.05 ^ soc.jtagBridge_1.jtag_idcodeArea_shifter[18]$_SDFFE_PP0P_/CLK (sg13g2_dfrbp_1)
                          0.15    0.20   clock uncertainty
                          0.00    0.20   clock reconvergence pessimism
                          0.05    0.25   library hold time
                                  0.25   data required time
-----------------------------------------------------------------------------
                                  0.25   data required time
                                 -0.49   data arrival time
-----------------------------------------------------------------------------
                                  0.25   slack (MET)



==========================================================================
cts final report_checks -path_delay max
--------------------------------------------------------------------------
Startpoint: soc.system_core_cpu.decode_to_execute_RS1[1]$_DFFE_PN_
            (rising edge-triggered flip-flop clocked by clk_core)
Endpoint: soc.system_core_cpu.execute_to_memory_MUL_LH[31]$_DFFE_PP_
          (rising edge-triggered flip-flop clocked by clk_core)
Path Group: clk_core
Path Type: max

Fanout     Cap    Slew   Delay    Time   Description
-----------------------------------------------------------------------------
                          0.00    0.00   clock clk_core (rise edge)
                          0.00    0.00   clock source latency
     1    0.04    0.08    0.00    0.00 ^ sg13g2_IOPad_io_clock/p2c (sg13g2_IOPadIn)
                                         sg13g2_IOPad_io_clock_p2c (net)
                  0.06    0.00    0.00 ^ clkbuf_0_sg13g2_IOPad_io_clock_p2c/A (sg13g2_buf_8)
     4    0.21    0.11    0.16    0.16 ^ clkbuf_0_sg13g2_IOPad_io_clock_p2c/X (sg13g2_buf_8)
                                         clknet_0_sg13g2_IOPad_io_clock_p2c (net)
                  0.11    0.00    0.16 ^ clkbuf_2_3_0_sg13g2_IOPad_io_clock_p2c/A (sg13g2_buf_16)
     2    0.13    0.05    0.12    0.29 ^ clkbuf_2_3_0_sg13g2_IOPad_io_clock_p2c/X (sg13g2_buf_16)
                                         clknet_2_3_0_sg13g2_IOPad_io_clock_p2c (net)
                  0.05    0.00    0.29 ^ clkbuf_3_6_0_sg13g2_IOPad_io_clock_p2c/A (sg13g2_buf_16)
     8    0.27    0.08    0.12    0.41 ^ clkbuf_3_6_0_sg13g2_IOPad_io_clock_p2c/X (sg13g2_buf_16)
                                         clknet_3_6_0_sg13g2_IOPad_io_clock_p2c (net)
                  0.08    0.00    0.41 ^ clkbuf_6_54_0_sg13g2_IOPad_io_clock_p2c/A (sg13g2_buf_16)
     4    0.07    0.03    0.10    0.51 ^ clkbuf_6_54_0_sg13g2_IOPad_io_clock_p2c/X (sg13g2_buf_16)
                                         clknet_6_54_0_sg13g2_IOPad_io_clock_p2c (net)
                  0.03    0.00    0.51 ^ clkbuf_8_218__f_sg13g2_IOPad_io_clock_p2c/A (sg13g2_buf_8)
     8    0.13    0.08    0.11    0.63 ^ clkbuf_8_218__f_sg13g2_IOPad_io_clock_p2c/X (sg13g2_buf_8)
                                         clknet_8_218__leaf_sg13g2_IOPad_io_clock_p2c (net)
                  0.08    0.00    0.63 ^ clkbuf_leaf_1032_sg13g2_IOPad_io_clock_p2c/A (sg13g2_buf_16)
     3    0.02    0.02    0.09    0.71 ^ clkbuf_leaf_1032_sg13g2_IOPad_io_clock_p2c/X (sg13g2_buf_16)
                                         clknet_leaf_1032_sg13g2_IOPad_io_clock_p2c (net)
                  0.02    0.00    0.71 ^ soc.system_core_cpu.decode_to_execute_RS1[1]$_DFFE_PN_/CLK (sg13g2_dfrbp_1)
     1    0.01    0.04    0.21    0.93 ^ soc.system_core_cpu.decode_to_execute_RS1[1]$_DFFE_PN_/Q (sg13g2_dfrbp_1)
                                         soc.system_core_cpu.execute_RS1[1] (net)
                  0.04    0.00    0.93 ^ _126942_/A (sg13g2_buf_1)
     3    0.01    0.04    0.08    1.01 ^ _126942_/X (sg13g2_buf_1)
                                         _046014_ (net)
                  0.04    0.00    1.01 ^ _126943_/A (sg13g2_buf_1)
     3    0.01    0.05    0.08    1.09 ^ _126943_/X (sg13g2_buf_1)
                                         _046015_ (net)
                  0.05    0.00    1.09 ^ _126944_/A (sg13g2_buf_1)
     3    0.01    0.05    0.08    1.18 ^ _126944_/X (sg13g2_buf_1)
                                         _046016_ (net)
                  0.05    0.00    1.18 ^ _126945_/A (sg13g2_buf_1)
     3    0.01    0.05    0.08    1.26 ^ _126945_/X (sg13g2_buf_1)
                                         _046017_ (net)
                  0.05    0.00    1.26 ^ _126946_/A (sg13g2_buf_1)
     3    0.01    0.04    0.08    1.34 ^ _126946_/X (sg13g2_buf_1)
                                         _046018_ (net)
                  0.04    0.00    1.34 ^ _126947_/A (sg13g2_buf_1)
     3    0.01    0.04    0.08    1.43 ^ _126947_/X (sg13g2_buf_1)
                                         _046019_ (net)
                  0.04    0.00    1.43 ^ _126948_/A (sg13g2_buf_1)
     3    0.01    0.04    0.08    1.51 ^ _126948_/X (sg13g2_buf_1)
                                         _046020_ (net)
                  0.04    0.00    1.51 ^ _126949_/A (sg13g2_buf_1)
     3    0.01    0.04    0.08    1.59 ^ _126949_/X (sg13g2_buf_1)
                                         _046021_ (net)
                  0.04    0.00    1.59 ^ _126950_/A (sg13g2_buf_1)
     3    0.01    0.05    0.09    1.68 ^ _126950_/X (sg13g2_buf_1)
                                         _046022_ (net)
                  0.05    0.00    1.68 ^ _126951_/A (sg13g2_buf_1)
     3    0.01    0.04    0.08    1.76 ^ _126951_/X (sg13g2_buf_1)
                                         _046023_ (net)
                  0.04    0.00    1.76 ^ _187793_/A (sg13g2_buf_1)
     3    0.01    0.05    0.08    1.84 ^ _187793_/X (sg13g2_buf_1)
                                         _100542_ (net)
                  0.05    0.00    1.84 ^ _187794_/A (sg13g2_buf_1)
     3    0.01    0.05    0.09    1.93 ^ _187794_/X (sg13g2_buf_1)
                                         _100543_ (net)
                  0.05    0.00    1.93 ^ _187795_/A (sg13g2_buf_1)
     3    0.01    0.05    0.09    2.01 ^ _187795_/X (sg13g2_buf_1)
                                         _100544_ (net)
                  0.05    0.00    2.01 ^ _187796_/A (sg13g2_buf_1)
     3    0.01    0.05    0.09    2.10 ^ _187796_/X (sg13g2_buf_1)
                                         _100545_ (net)
                  0.05    0.00    2.10 ^ _187797_/A (sg13g2_buf_1)
     3    0.01    0.05    0.09    2.19 ^ _187797_/X (sg13g2_buf_1)
                                         _100546_ (net)
                  0.05    0.00    2.19 ^ _187798_/A (sg13g2_buf_1)
     3    0.01    0.06    0.09    2.28 ^ _187798_/X (sg13g2_buf_1)
                                         _100547_ (net)
                  0.06    0.00    2.28 ^ _187799_/A (sg13g2_buf_1)
     3    0.01    0.04    0.09    2.37 ^ _187799_/X (sg13g2_buf_1)
                                         _100548_ (net)
                  0.04    0.00    2.37 ^ _187800_/A (sg13g2_buf_1)
     3    0.01    0.05    0.08    2.45 ^ _187800_/X (sg13g2_buf_1)
                                         _100549_ (net)
                  0.05    0.00    2.45 ^ _187801_/A (sg13g2_buf_1)
     3    0.01    0.05    0.09    2.54 ^ _187801_/X (sg13g2_buf_1)
                                         _100550_ (net)
                  0.05    0.00    2.54 ^ _187802_/A (sg13g2_buf_1)
     3    0.01    0.05    0.09    2.62 ^ _187802_/X (sg13g2_buf_1)
                                         _100551_ (net)
                  0.05    0.00    2.62 ^ _187803_/B (sg13g2_nand2_1)
     1    0.01    0.05    0.06    2.69 v _187803_/Y (sg13g2_nand2_1)
                                         _100552_ (net)
                  0.05    0.00    2.69 v _187804_/B (sg13g2_xor2_1)
     1    0.01    0.07    0.09    2.77 ^ _187804_/X (sg13g2_xor2_1)
                                         _100553_ (net)
                  0.07    0.00    2.77 ^ _187805_/A (sg13g2_buf_1)
     2    0.01    0.05    0.10    2.87 ^ _187805_/X (sg13g2_buf_1)
                                         _100554_ (net)
                  0.05    0.00    2.87 ^ _187806_/B (sg13g2_xor2_1)
     1    0.00    0.05    0.10    2.97 ^ _187806_/X (sg13g2_xor2_1)
                                         _100555_ (net)
                  0.05    0.00    2.97 ^ _187807_/A (sg13g2_buf_1)
     3    0.01    0.06    0.09    3.06 ^ _187807_/X (sg13g2_buf_1)
                                         _100556_ (net)
                  0.06    0.00    3.06 ^ _187808_/B (sg13g2_xor2_1)
     1    0.00    0.05    0.10    3.16 ^ _187808_/X (sg13g2_xor2_1)
                                         _100557_ (net)
                  0.05    0.00    3.16 ^ _187809_/A (sg13g2_buf_1)
     2    0.01    0.07    0.10    3.26 ^ _187809_/X (sg13g2_buf_1)
                                         _100558_ (net)
                  0.07    0.00    3.26 ^ _187836_/A (sg13g2_buf_8)
     3    0.02    0.02    0.09    3.35 ^ _187836_/X (sg13g2_buf_8)
                                         _100585_ (net)
                  0.02    0.00    3.35 ^ _187837_/S (sg13g2_mux2_1)
     1    0.00    0.03    0.15    3.49 v _187837_/X (sg13g2_mux2_1)
                                         _100586_ (net)
                  0.03    0.00    3.49 v _187838_/A (sg13g2_buf_1)
     1    0.00    0.02    0.06    3.56 v _187838_/X (sg13g2_buf_1)
                                         _100587_ (net)
                  0.02    0.00    3.56 v _187859_/B (sg13g2_nor4_1)
     1    0.00    0.11    0.13    3.69 ^ _187859_/Y (sg13g2_nor4_1)
                                         _100608_ (net)
                  0.11    0.00    3.69 ^ _187860_/A (sg13g2_buf_1)
     2    0.01    0.03    0.10    3.79 ^ _187860_/X (sg13g2_buf_1)
                                         _100609_ (net)
                  0.03    0.00    3.79 ^ _187861_/A (sg13g2_buf_1)
     3    0.01    0.06    0.09    3.88 ^ _187861_/X (sg13g2_buf_1)
                                         _100610_ (net)
                  0.06    0.00    3.88 ^ _188453_/A (sg13g2_nand2_1)
     1    0.00    0.03    0.05    3.92 v _188453_/Y (sg13g2_nand2_1)
                                         _101200_ (net)
                  0.03    0.00    3.92 v _188454_/A (sg13g2_buf_1)
     2    0.01    0.03    0.07    4.00 v _188454_/X (sg13g2_buf_1)
                                         _101201_ (net)
                  0.03    0.00    4.00 v _188455_/C (sg13g2_nand3b_1)
     1    0.00    0.03    0.04    4.04 ^ _188455_/Y (sg13g2_nand3b_1)
                                         _101202_ (net)
                  0.03    0.00    4.04 ^ _188456_/A (sg13g2_buf_1)
     1    0.00    0.02    0.06    4.10 ^ _188456_/X (sg13g2_buf_1)
                                         _101203_ (net)
                  0.02    0.00    4.10 ^ _188457_/C (sg13g2_nand3b_1)
     1    0.00    0.05    0.07    4.17 v _188457_/Y (sg13g2_nand3b_1)
                                         _101204_ (net)
                  0.05    0.00    4.17 v _188458_/A (sg13g2_buf_1)
     2    0.01    0.03    0.08    4.25 v _188458_/X (sg13g2_buf_1)
                                         _101205_ (net)
                  0.03    0.00    4.25 v _188632_/A1 (sg13g2_o21ai_1)
     1    0.00    0.06    0.08    4.33 ^ _188632_/Y (sg13g2_o21ai_1)
                                         _101378_ (net)
                  0.06    0.00    4.33 ^ _188633_/A (sg13g2_buf_1)
     3    0.01    0.05    0.09    4.43 ^ _188633_/X (sg13g2_buf_1)
                                         _101379_ (net)
                  0.05    0.00    4.43 ^ _189006_/A1 (sg13g2_a21o_1)
     1    0.01    0.04    0.11    4.54 ^ _189006_/X (sg13g2_a21o_1)
                                         _101750_ (net)
                  0.04    0.00    4.54 ^ _189007_/A (sg13g2_buf_1)
     2    0.01    0.05    0.08    4.62 ^ _189007_/X (sg13g2_buf_1)
                                         _101751_ (net)
                  0.05    0.00    4.62 ^ _189395_/A1 (sg13g2_a21oi_1)
     1    0.00    0.05    0.06    4.68 v _189395_/Y (sg13g2_a21oi_1)
                                         _102137_ (net)
                  0.05    0.00    4.68 v _189396_/A (sg13g2_buf_1)
     2    0.01    0.03    0.08    4.76 v _189396_/X (sg13g2_buf_1)
                                         _102138_ (net)
                  0.03    0.00    4.76 v _189952_/A2 (sg13g2_o21ai_1)
     1    0.00    0.07    0.08    4.83 ^ _189952_/Y (sg13g2_o21ai_1)
                                         _102692_ (net)
                  0.07    0.00    4.83 ^ _189953_/A (sg13g2_buf_1)
     3    0.01    0.05    0.09    4.93 ^ _189953_/X (sg13g2_buf_1)
                                         _102693_ (net)
                  0.05    0.00    4.93 ^ _190562_/A1 (sg13g2_a21o_1)
     1    0.00    0.03    0.10    5.02 ^ _190562_/X (sg13g2_a21o_1)
                                         _103297_ (net)
                  0.03    0.00    5.02 ^ _190563_/A (sg13g2_buf_1)
     1    0.00    0.02    0.06    5.08 ^ _190563_/X (sg13g2_buf_1)
                                         _103298_ (net)
                  0.02    0.00    5.08 ^ _190565_/A1 (sg13g2_a21oi_1)
     1    0.00    0.05    0.05    5.14 v _190565_/Y (sg13g2_a21oi_1)
                                         _103300_ (net)
                  0.05    0.00    5.14 v _190566_/A (sg13g2_buf_1)
     2    0.01    0.03    0.08    5.21 v _190566_/X (sg13g2_buf_1)
                                         _103301_ (net)
                  0.03    0.00    5.21 v _190720_/C (sg13g2_nor4_1)
     1    0.00    0.11    0.12    5.34 ^ _190720_/Y (sg13g2_nor4_1)
                                         _103453_ (net)
                  0.11    0.00    5.34 ^ _190721_/A (sg13g2_buf_1)
     2    0.01    0.04    0.10    5.44 ^ _190721_/X (sg13g2_buf_1)
                                         _103454_ (net)
                  0.04    0.00    5.44 ^ _191001_/A2 (sg13g2_o21ai_1)
     1    0.00    0.04    0.05    5.49 v _191001_/Y (sg13g2_o21ai_1)
                                         _103732_ (net)
                  0.04    0.00    5.49 v _191002_/A (sg13g2_buf_1)
     3    0.01    0.04    0.08    5.57 v _191002_/X (sg13g2_buf_1)
                                         _103733_ (net)
                  0.04    0.00    5.57 v _191148_/B (sg13g2_nand3_1)
     1    0.00    0.03    0.04    5.62 ^ _191148_/Y (sg13g2_nand3_1)
                                         _103877_ (net)
                  0.03    0.00    5.62 ^ _191149_/A (sg13g2_buf_1)
     1    0.00    0.02    0.06    5.68 ^ _191149_/X (sg13g2_buf_1)
                                         _103878_ (net)
                  0.02    0.00    5.68 ^ _191151_/A2 (sg13g2_a21oi_1)
     1    0.00    0.04    0.05    5.73 v _191151_/Y (sg13g2_a21oi_1)
                                         _103880_ (net)
                  0.04    0.00    5.73 v _191152_/A (sg13g2_buf_1)
     2    0.01    0.03    0.07    5.81 v _191152_/X (sg13g2_buf_1)
                                         _103881_ (net)
                  0.03    0.00    5.81 v _191273_/A2 (sg13g2_o21ai_1)
     1    0.00    0.07    0.07    5.88 ^ _191273_/Y (sg13g2_o21ai_1)
                                         _103999_ (net)
                  0.07    0.00    5.88 ^ _191274_/A (sg13g2_buf_1)
     1    0.00    0.03    0.08    5.96 ^ _191274_/X (sg13g2_buf_1)
                                         _104000_ (net)
                  0.03    0.00    5.96 ^ _191277_/A2 (sg13g2_a22oi_1)
     1    0.00    0.05    0.06    6.02 v _191277_/Y (sg13g2_a22oi_1)
                                         _104003_ (net)
                  0.05    0.00    6.02 v _191278_/A (sg13g2_buf_1)
     1    0.00    0.02    0.07    6.09 v _191278_/X (sg13g2_buf_1)
                                         _104004_ (net)
                  0.02    0.00    6.09 v _191290_/A2 (sg13g2_o21ai_1)
     1    0.00    0.06    0.07    6.16 ^ _191290_/Y (sg13g2_o21ai_1)
                                         _104016_ (net)
                  0.06    0.00    6.16 ^ _191291_/A (sg13g2_buf_1)
     1    0.01    0.03    0.08    6.24 ^ _191291_/X (sg13g2_buf_1)
                                         _104017_ (net)
                  0.03    0.00    6.24 ^ _191292_/B (sg13g2_xnor2_1)
     1    0.00    0.07    0.08    6.32 ^ _191292_/Y (sg13g2_xnor2_1)
                                         _104018_ (net)
                  0.07    0.00    6.32 ^ _191296_/A2 (sg13g2_o21ai_1)
     1    0.00    0.04    0.06    6.38 v _191296_/Y (sg13g2_o21ai_1)
                                         _104022_ (net)
                  0.04    0.00    6.38 v _191297_/A (sg13g2_buf_1)
     1    0.00    0.02    0.06    6.45 v _191297_/X (sg13g2_buf_1)
                                         _008287_ (net)
                  0.02    0.00    6.45 v soc.system_core_cpu.execute_to_memory_MUL_LH[31]$_DFFE_PP_/D (sg13g2_dfrbp_1)
                                  6.45   data arrival time

                         50.00   50.00   clock clk_core (rise edge)
                          0.00   50.00   clock source latency
     1    0.04    0.08    0.00   50.00 ^ sg13g2_IOPad_io_clock/p2c (sg13g2_IOPadIn)
                                         sg13g2_IOPad_io_clock_p2c (net)
                  0.06    0.00   50.00 ^ clkbuf_0_sg13g2_IOPad_io_clock_p2c/A (sg13g2_buf_8)
     4    0.21    0.11    0.16   50.16 ^ clkbuf_0_sg13g2_IOPad_io_clock_p2c/X (sg13g2_buf_8)
                                         clknet_0_sg13g2_IOPad_io_clock_p2c (net)
                  0.11    0.00   50.16 ^ clkbuf_2_3_0_sg13g2_IOPad_io_clock_p2c/A (sg13g2_buf_16)
     2    0.13    0.05    0.12   50.29 ^ clkbuf_2_3_0_sg13g2_IOPad_io_clock_p2c/X (sg13g2_buf_16)
                                         clknet_2_3_0_sg13g2_IOPad_io_clock_p2c (net)
                  0.05    0.00   50.29 ^ clkbuf_3_6_0_sg13g2_IOPad_io_clock_p2c/A (sg13g2_buf_16)
     8    0.27    0.08    0.12   50.41 ^ clkbuf_3_6_0_sg13g2_IOPad_io_clock_p2c/X (sg13g2_buf_16)
                                         clknet_3_6_0_sg13g2_IOPad_io_clock_p2c (net)
                  0.08    0.00   50.42 ^ clkbuf_6_51_0_sg13g2_IOPad_io_clock_p2c/A (sg13g2_buf_16)
     4    0.06    0.03    0.10   50.51 ^ clkbuf_6_51_0_sg13g2_IOPad_io_clock_p2c/X (sg13g2_buf_16)
                                         clknet_6_51_0_sg13g2_IOPad_io_clock_p2c (net)
                  0.03    0.00   50.51 ^ clkbuf_8_207__f_sg13g2_IOPad_io_clock_p2c/A (sg13g2_buf_8)
     8    0.14    0.08    0.11   50.63 ^ clkbuf_8_207__f_sg13g2_IOPad_io_clock_p2c/X (sg13g2_buf_8)
                                         clknet_8_207__leaf_sg13g2_IOPad_io_clock_p2c (net)
                  0.08    0.00   50.63 ^ clkbuf_leaf_1201_sg13g2_IOPad_io_clock_p2c/A (sg13g2_buf_16)
     8    0.02    0.02    0.09   50.72 ^ clkbuf_leaf_1201_sg13g2_IOPad_io_clock_p2c/X (sg13g2_buf_16)
                                         clknet_leaf_1201_sg13g2_IOPad_io_clock_p2c (net)
                  0.02    0.00   50.72 ^ soc.system_core_cpu.execute_to_memory_MUL_LH[31]$_DFFE_PP_/CLK (sg13g2_dfrbp_1)
                         -0.15   50.57   clock uncertainty
                          0.00   50.57   clock reconvergence pessimism
                         -0.11   50.46   library setup time
                                 50.46   data required time
-----------------------------------------------------------------------------
                                 50.46   data required time
                                 -6.45   data arrival time
-----------------------------------------------------------------------------
                                 44.01   slack (MET)


Startpoint: soc.jtagBridge_1.jtag_tap_fsm_state[3]$_DFF_P_
            (rising edge-triggered flip-flop clocked by clk_jtag)
Endpoint: soc.jtagBridge_1.jtag_tap_tdoUnbufferd_regNext$_DFF_N_
          (rising edge-triggered flip-flop clocked by clk_jtag')
Path Group: clk_jtag
Path Type: max

Fanout     Cap    Slew   Delay    Time   Description
-----------------------------------------------------------------------------
                          0.00    0.00   clock clk_jtag (rise edge)
                          0.00    0.00   clock source latency
    84    0.29    0.50    0.00    0.00 ^ sg13g2_IOPad_io_jtag_tck/p2c (sg13g2_IOPadIn)
                                         sg13g2_IOPad_io_jtag_tck_p2c (net)
                  0.39    0.05    0.05 ^ soc.jtagBridge_1.jtag_tap_fsm_state[3]$_DFF_P_/CLK (sg13g2_dfrbp_1)
     1    0.00    0.03    0.31    0.36 ^ soc.jtagBridge_1.jtag_tap_fsm_state[3]$_DFF_P_/Q (sg13g2_dfrbp_1)
                                         soc.jtagBridge_1.jtag_tap_fsm_state[3] (net)
                  0.03    0.00    0.36 ^ _123210_/A (sg13g2_buf_1)
     2    0.01    0.03    0.07    0.43 ^ _123210_/X (sg13g2_buf_1)
                                         _042387_ (net)
                  0.03    0.00    0.43 ^ _123211_/A (sg13g2_inv_1)
     1    0.00    0.02    0.03    0.45 v _123211_/Y (sg13g2_inv_1)
                                         _042388_ (net)
                  0.02    0.00    0.45 v _123212_/A (sg13g2_buf_1)
     3    0.01    0.04    0.07    0.53 v _123212_/X (sg13g2_buf_1)
                                         _042389_ (net)
                  0.04    0.00    0.53 v _123213_/B (sg13g2_nor2_1)
     1    0.00    0.04    0.05    0.57 ^ _123213_/Y (sg13g2_nor2_1)
                                         _042390_ (net)
                  0.04    0.00    0.57 ^ _123214_/A (sg13g2_buf_1)
     3    0.01    0.05    0.08    0.66 ^ _123214_/X (sg13g2_buf_1)
                                         _042391_ (net)
                  0.05    0.00    0.66 ^ _123215_/A (sg13g2_inv_1)
     1    0.00    0.02    0.03    0.69 v _123215_/Y (sg13g2_inv_1)
                                         _042392_ (net)
                  0.02    0.00    0.69 v _123216_/A (sg13g2_buf_1)
     2    0.01    0.03    0.06    0.75 v _123216_/X (sg13g2_buf_1)
                                         _042393_ (net)
                  0.03    0.00    0.75 v _123217_/A (sg13g2_buf_1)
     3    0.01    0.04    0.08    0.83 v _123217_/X (sg13g2_buf_1)
                                         _042394_ (net)
                  0.04    0.00    0.83 v _123218_/C (sg13g2_nor3_1)
     1    0.00    0.07    0.07    0.90 ^ _123218_/Y (sg13g2_nor3_1)
                                         _042395_ (net)
                  0.07    0.00    0.90 ^ _123219_/A (sg13g2_buf_1)
     3    0.01    0.05    0.10    1.00 ^ _123219_/X (sg13g2_buf_1)
                                         _042396_ (net)
                  0.05    0.00    1.00 ^ _123220_/A (sg13g2_buf_1)
     3    0.01    0.04    0.08    1.08 ^ _123220_/X (sg13g2_buf_1)
                                         _042397_ (net)
                  0.04    0.00    1.08 ^ _123221_/A (sg13g2_buf_1)
     3    0.01    0.05    0.08    1.17 ^ _123221_/X (sg13g2_buf_1)
                                         _042398_ (net)
                  0.05    0.00    1.17 ^ _123222_/A (sg13g2_buf_1)
     3    0.01    0.05    0.09    1.26 ^ _123222_/X (sg13g2_buf_1)
                                         _042399_ (net)
                  0.05    0.00    1.26 ^ _228941_/B (sg13g2_nand4_1)
     1    0.00    0.07    0.09    1.35 v _228941_/Y (sg13g2_nand4_1)
                                         _038371_ (net)
                  0.07    0.00    1.35 v _228942_/A (sg13g2_buf_1)
     1    0.00    0.02    0.08    1.43 v _228942_/X (sg13g2_buf_1)
                                         _038372_ (net)
                  0.02    0.00    1.43 v _228943_/B1 (sg13g2_o21ai_1)
     1    0.03    0.29    0.12    1.55 ^ _228943_/Y (sg13g2_o21ai_1)
                                         _038373_ (net)
                  0.29    0.00    1.55 ^ _228944_/A (sg13g2_buf_1)
     1    0.00    0.03    0.13    1.68 ^ _228944_/X (sg13g2_buf_1)
                                         soc.jtagBridge_1.jtag_tap_tdoUnbufferd (net)
                  0.03    0.00    1.68 ^ soc.jtagBridge_1.jtag_tap_tdoUnbufferd_regNext$_DFF_N_/D (sg13g2_dfrbp_1)
                                  1.68   data arrival time

                         50.00   50.00   clock clk_jtag' (rise edge)
                          0.00   50.00   clock source latency
    84    0.26    0.42    0.00   50.00 v sg13g2_IOPad_io_jtag_tck/p2c (sg13g2_IOPadIn)
                                         sg13g2_IOPad_io_jtag_tck_p2c (net)
                  0.32    0.01   50.01 v _141591_/A (sg13g2_buf_1)
     1    0.00    0.03    0.14   50.15 v _141591_/X (sg13g2_buf_1)
                                         _059911_ (net)
                  0.03    0.00   50.15 v _141592__1/A (sg13g2_inv_1)
     1    0.00    0.02    0.03   50.18 ^ _141592__1/Y (sg13g2_inv_1)
                                         net10779 (net)
                  0.02    0.00   50.18 ^ soc.jtagBridge_1.jtag_tap_tdoUnbufferd_regNext$_DFF_N_/CLK (sg13g2_dfrbp_1)
                         -0.15   50.03   clock uncertainty
                          0.00   50.03   clock reconvergence pessimism
                         -0.11   49.92   library setup time
                                 49.92   data required time
-----------------------------------------------------------------------------
                                 49.92   data required time
                                 -1.68   data arrival time
-----------------------------------------------------------------------------
                                 48.24   slack (MET)



==========================================================================
cts final report_checks -unconstrained
--------------------------------------------------------------------------
Startpoint: soc.system_core_cpu.decode_to_execute_RS1[1]$_DFFE_PN_
            (rising edge-triggered flip-flop clocked by clk_core)
Endpoint: soc.system_core_cpu.execute_to_memory_MUL_LH[31]$_DFFE_PP_
          (rising edge-triggered flip-flop clocked by clk_core)
Path Group: clk_core
Path Type: max

Fanout     Cap    Slew   Delay    Time   Description
-----------------------------------------------------------------------------
                          0.00    0.00   clock clk_core (rise edge)
                          0.00    0.00   clock source latency
     1    0.04    0.08    0.00    0.00 ^ sg13g2_IOPad_io_clock/p2c (sg13g2_IOPadIn)
                                         sg13g2_IOPad_io_clock_p2c (net)
                  0.06    0.00    0.00 ^ clkbuf_0_sg13g2_IOPad_io_clock_p2c/A (sg13g2_buf_8)
     4    0.21    0.11    0.16    0.16 ^ clkbuf_0_sg13g2_IOPad_io_clock_p2c/X (sg13g2_buf_8)
                                         clknet_0_sg13g2_IOPad_io_clock_p2c (net)
                  0.11    0.00    0.16 ^ clkbuf_2_3_0_sg13g2_IOPad_io_clock_p2c/A (sg13g2_buf_16)
     2    0.13    0.05    0.12    0.29 ^ clkbuf_2_3_0_sg13g2_IOPad_io_clock_p2c/X (sg13g2_buf_16)
                                         clknet_2_3_0_sg13g2_IOPad_io_clock_p2c (net)
                  0.05    0.00    0.29 ^ clkbuf_3_6_0_sg13g2_IOPad_io_clock_p2c/A (sg13g2_buf_16)
     8    0.27    0.08    0.12    0.41 ^ clkbuf_3_6_0_sg13g2_IOPad_io_clock_p2c/X (sg13g2_buf_16)
                                         clknet_3_6_0_sg13g2_IOPad_io_clock_p2c (net)
                  0.08    0.00    0.41 ^ clkbuf_6_54_0_sg13g2_IOPad_io_clock_p2c/A (sg13g2_buf_16)
     4    0.07    0.03    0.10    0.51 ^ clkbuf_6_54_0_sg13g2_IOPad_io_clock_p2c/X (sg13g2_buf_16)
                                         clknet_6_54_0_sg13g2_IOPad_io_clock_p2c (net)
                  0.03    0.00    0.51 ^ clkbuf_8_218__f_sg13g2_IOPad_io_clock_p2c/A (sg13g2_buf_8)
     8    0.13    0.08    0.11    0.63 ^ clkbuf_8_218__f_sg13g2_IOPad_io_clock_p2c/X (sg13g2_buf_8)
                                         clknet_8_218__leaf_sg13g2_IOPad_io_clock_p2c (net)
                  0.08    0.00    0.63 ^ clkbuf_leaf_1032_sg13g2_IOPad_io_clock_p2c/A (sg13g2_buf_16)
     3    0.02    0.02    0.09    0.71 ^ clkbuf_leaf_1032_sg13g2_IOPad_io_clock_p2c/X (sg13g2_buf_16)
                                         clknet_leaf_1032_sg13g2_IOPad_io_clock_p2c (net)
                  0.02    0.00    0.71 ^ soc.system_core_cpu.decode_to_execute_RS1[1]$_DFFE_PN_/CLK (sg13g2_dfrbp_1)
     1    0.01    0.04    0.21    0.93 ^ soc.system_core_cpu.decode_to_execute_RS1[1]$_DFFE_PN_/Q (sg13g2_dfrbp_1)
                                         soc.system_core_cpu.execute_RS1[1] (net)
                  0.04    0.00    0.93 ^ _126942_/A (sg13g2_buf_1)
     3    0.01    0.04    0.08    1.01 ^ _126942_/X (sg13g2_buf_1)
                                         _046014_ (net)
                  0.04    0.00    1.01 ^ _126943_/A (sg13g2_buf_1)
     3    0.01    0.05    0.08    1.09 ^ _126943_/X (sg13g2_buf_1)
                                         _046015_ (net)
                  0.05    0.00    1.09 ^ _126944_/A (sg13g2_buf_1)
     3    0.01    0.05    0.08    1.18 ^ _126944_/X (sg13g2_buf_1)
                                         _046016_ (net)
                  0.05    0.00    1.18 ^ _126945_/A (sg13g2_buf_1)
     3    0.01    0.05    0.08    1.26 ^ _126945_/X (sg13g2_buf_1)
                                         _046017_ (net)
                  0.05    0.00    1.26 ^ _126946_/A (sg13g2_buf_1)
     3    0.01    0.04    0.08    1.34 ^ _126946_/X (sg13g2_buf_1)
                                         _046018_ (net)
                  0.04    0.00    1.34 ^ _126947_/A (sg13g2_buf_1)
     3    0.01    0.04    0.08    1.43 ^ _126947_/X (sg13g2_buf_1)
                                         _046019_ (net)
                  0.04    0.00    1.43 ^ _126948_/A (sg13g2_buf_1)
     3    0.01    0.04    0.08    1.51 ^ _126948_/X (sg13g2_buf_1)
                                         _046020_ (net)
                  0.04    0.00    1.51 ^ _126949_/A (sg13g2_buf_1)
     3    0.01    0.04    0.08    1.59 ^ _126949_/X (sg13g2_buf_1)
                                         _046021_ (net)
                  0.04    0.00    1.59 ^ _126950_/A (sg13g2_buf_1)
     3    0.01    0.05    0.09    1.68 ^ _126950_/X (sg13g2_buf_1)
                                         _046022_ (net)
                  0.05    0.00    1.68 ^ _126951_/A (sg13g2_buf_1)
     3    0.01    0.04    0.08    1.76 ^ _126951_/X (sg13g2_buf_1)
                                         _046023_ (net)
                  0.04    0.00    1.76 ^ _187793_/A (sg13g2_buf_1)
     3    0.01    0.05    0.08    1.84 ^ _187793_/X (sg13g2_buf_1)
                                         _100542_ (net)
                  0.05    0.00    1.84 ^ _187794_/A (sg13g2_buf_1)
     3    0.01    0.05    0.09    1.93 ^ _187794_/X (sg13g2_buf_1)
                                         _100543_ (net)
                  0.05    0.00    1.93 ^ _187795_/A (sg13g2_buf_1)
     3    0.01    0.05    0.09    2.01 ^ _187795_/X (sg13g2_buf_1)
                                         _100544_ (net)
                  0.05    0.00    2.01 ^ _187796_/A (sg13g2_buf_1)
     3    0.01    0.05    0.09    2.10 ^ _187796_/X (sg13g2_buf_1)
                                         _100545_ (net)
                  0.05    0.00    2.10 ^ _187797_/A (sg13g2_buf_1)
     3    0.01    0.05    0.09    2.19 ^ _187797_/X (sg13g2_buf_1)
                                         _100546_ (net)
                  0.05    0.00    2.19 ^ _187798_/A (sg13g2_buf_1)
     3    0.01    0.06    0.09    2.28 ^ _187798_/X (sg13g2_buf_1)
                                         _100547_ (net)
                  0.06    0.00    2.28 ^ _187799_/A (sg13g2_buf_1)
     3    0.01    0.04    0.09    2.37 ^ _187799_/X (sg13g2_buf_1)
                                         _100548_ (net)
                  0.04    0.00    2.37 ^ _187800_/A (sg13g2_buf_1)
     3    0.01    0.05    0.08    2.45 ^ _187800_/X (sg13g2_buf_1)
                                         _100549_ (net)
                  0.05    0.00    2.45 ^ _187801_/A (sg13g2_buf_1)
     3    0.01    0.05    0.09    2.54 ^ _187801_/X (sg13g2_buf_1)
                                         _100550_ (net)
                  0.05    0.00    2.54 ^ _187802_/A (sg13g2_buf_1)
     3    0.01    0.05    0.09    2.62 ^ _187802_/X (sg13g2_buf_1)
                                         _100551_ (net)
                  0.05    0.00    2.62 ^ _187803_/B (sg13g2_nand2_1)
     1    0.01    0.05    0.06    2.69 v _187803_/Y (sg13g2_nand2_1)
                                         _100552_ (net)
                  0.05    0.00    2.69 v _187804_/B (sg13g2_xor2_1)
     1    0.01    0.07    0.09    2.77 ^ _187804_/X (sg13g2_xor2_1)
                                         _100553_ (net)
                  0.07    0.00    2.77 ^ _187805_/A (sg13g2_buf_1)
     2    0.01    0.05    0.10    2.87 ^ _187805_/X (sg13g2_buf_1)
                                         _100554_ (net)
                  0.05    0.00    2.87 ^ _187806_/B (sg13g2_xor2_1)
     1    0.00    0.05    0.10    2.97 ^ _187806_/X (sg13g2_xor2_1)
                                         _100555_ (net)
                  0.05    0.00    2.97 ^ _187807_/A (sg13g2_buf_1)
     3    0.01    0.06    0.09    3.06 ^ _187807_/X (sg13g2_buf_1)
                                         _100556_ (net)
                  0.06    0.00    3.06 ^ _187808_/B (sg13g2_xor2_1)
     1    0.00    0.05    0.10    3.16 ^ _187808_/X (sg13g2_xor2_1)
                                         _100557_ (net)
                  0.05    0.00    3.16 ^ _187809_/A (sg13g2_buf_1)
     2    0.01    0.07    0.10    3.26 ^ _187809_/X (sg13g2_buf_1)
                                         _100558_ (net)
                  0.07    0.00    3.26 ^ _187836_/A (sg13g2_buf_8)
     3    0.02    0.02    0.09    3.35 ^ _187836_/X (sg13g2_buf_8)
                                         _100585_ (net)
                  0.02    0.00    3.35 ^ _187837_/S (sg13g2_mux2_1)
     1    0.00    0.03    0.15    3.49 v _187837_/X (sg13g2_mux2_1)
                                         _100586_ (net)
                  0.03    0.00    3.49 v _187838_/A (sg13g2_buf_1)
     1    0.00    0.02    0.06    3.56 v _187838_/X (sg13g2_buf_1)
                                         _100587_ (net)
                  0.02    0.00    3.56 v _187859_/B (sg13g2_nor4_1)
     1    0.00    0.11    0.13    3.69 ^ _187859_/Y (sg13g2_nor4_1)
                                         _100608_ (net)
                  0.11    0.00    3.69 ^ _187860_/A (sg13g2_buf_1)
     2    0.01    0.03    0.10    3.79 ^ _187860_/X (sg13g2_buf_1)
                                         _100609_ (net)
                  0.03    0.00    3.79 ^ _187861_/A (sg13g2_buf_1)
     3    0.01    0.06    0.09    3.88 ^ _187861_/X (sg13g2_buf_1)
                                         _100610_ (net)
                  0.06    0.00    3.88 ^ _188453_/A (sg13g2_nand2_1)
     1    0.00    0.03    0.05    3.92 v _188453_/Y (sg13g2_nand2_1)
                                         _101200_ (net)
                  0.03    0.00    3.92 v _188454_/A (sg13g2_buf_1)
     2    0.01    0.03    0.07    4.00 v _188454_/X (sg13g2_buf_1)
                                         _101201_ (net)
                  0.03    0.00    4.00 v _188455_/C (sg13g2_nand3b_1)
     1    0.00    0.03    0.04    4.04 ^ _188455_/Y (sg13g2_nand3b_1)
                                         _101202_ (net)
                  0.03    0.00    4.04 ^ _188456_/A (sg13g2_buf_1)
     1    0.00    0.02    0.06    4.10 ^ _188456_/X (sg13g2_buf_1)
                                         _101203_ (net)
                  0.02    0.00    4.10 ^ _188457_/C (sg13g2_nand3b_1)
     1    0.00    0.05    0.07    4.17 v _188457_/Y (sg13g2_nand3b_1)
                                         _101204_ (net)
                  0.05    0.00    4.17 v _188458_/A (sg13g2_buf_1)
     2    0.01    0.03    0.08    4.25 v _188458_/X (sg13g2_buf_1)
                                         _101205_ (net)
                  0.03    0.00    4.25 v _188632_/A1 (sg13g2_o21ai_1)
     1    0.00    0.06    0.08    4.33 ^ _188632_/Y (sg13g2_o21ai_1)
                                         _101378_ (net)
                  0.06    0.00    4.33 ^ _188633_/A (sg13g2_buf_1)
     3    0.01    0.05    0.09    4.43 ^ _188633_/X (sg13g2_buf_1)
                                         _101379_ (net)
                  0.05    0.00    4.43 ^ _189006_/A1 (sg13g2_a21o_1)
     1    0.01    0.04    0.11    4.54 ^ _189006_/X (sg13g2_a21o_1)
                                         _101750_ (net)
                  0.04    0.00    4.54 ^ _189007_/A (sg13g2_buf_1)
     2    0.01    0.05    0.08    4.62 ^ _189007_/X (sg13g2_buf_1)
                                         _101751_ (net)
                  0.05    0.00    4.62 ^ _189395_/A1 (sg13g2_a21oi_1)
     1    0.00    0.05    0.06    4.68 v _189395_/Y (sg13g2_a21oi_1)
                                         _102137_ (net)
                  0.05    0.00    4.68 v _189396_/A (sg13g2_buf_1)
     2    0.01    0.03    0.08    4.76 v _189396_/X (sg13g2_buf_1)
                                         _102138_ (net)
                  0.03    0.00    4.76 v _189952_/A2 (sg13g2_o21ai_1)
     1    0.00    0.07    0.08    4.83 ^ _189952_/Y (sg13g2_o21ai_1)
                                         _102692_ (net)
                  0.07    0.00    4.83 ^ _189953_/A (sg13g2_buf_1)
     3    0.01    0.05    0.09    4.93 ^ _189953_/X (sg13g2_buf_1)
                                         _102693_ (net)
                  0.05    0.00    4.93 ^ _190562_/A1 (sg13g2_a21o_1)
     1    0.00    0.03    0.10    5.02 ^ _190562_/X (sg13g2_a21o_1)
                                         _103297_ (net)
                  0.03    0.00    5.02 ^ _190563_/A (sg13g2_buf_1)
     1    0.00    0.02    0.06    5.08 ^ _190563_/X (sg13g2_buf_1)
                                         _103298_ (net)
                  0.02    0.00    5.08 ^ _190565_/A1 (sg13g2_a21oi_1)
     1    0.00    0.05    0.05    5.14 v _190565_/Y (sg13g2_a21oi_1)
                                         _103300_ (net)
                  0.05    0.00    5.14 v _190566_/A (sg13g2_buf_1)
     2    0.01    0.03    0.08    5.21 v _190566_/X (sg13g2_buf_1)
                                         _103301_ (net)
                  0.03    0.00    5.21 v _190720_/C (sg13g2_nor4_1)
     1    0.00    0.11    0.12    5.34 ^ _190720_/Y (sg13g2_nor4_1)
                                         _103453_ (net)
                  0.11    0.00    5.34 ^ _190721_/A (sg13g2_buf_1)
     2    0.01    0.04    0.10    5.44 ^ _190721_/X (sg13g2_buf_1)
                                         _103454_ (net)
                  0.04    0.00    5.44 ^ _191001_/A2 (sg13g2_o21ai_1)
     1    0.00    0.04    0.05    5.49 v _191001_/Y (sg13g2_o21ai_1)
                                         _103732_ (net)
                  0.04    0.00    5.49 v _191002_/A (sg13g2_buf_1)
     3    0.01    0.04    0.08    5.57 v _191002_/X (sg13g2_buf_1)
                                         _103733_ (net)
                  0.04    0.00    5.57 v _191148_/B (sg13g2_nand3_1)
     1    0.00    0.03    0.04    5.62 ^ _191148_/Y (sg13g2_nand3_1)
                                         _103877_ (net)
                  0.03    0.00    5.62 ^ _191149_/A (sg13g2_buf_1)
     1    0.00    0.02    0.06    5.68 ^ _191149_/X (sg13g2_buf_1)
                                         _103878_ (net)
                  0.02    0.00    5.68 ^ _191151_/A2 (sg13g2_a21oi_1)
     1    0.00    0.04    0.05    5.73 v _191151_/Y (sg13g2_a21oi_1)
                                         _103880_ (net)
                  0.04    0.00    5.73 v _191152_/A (sg13g2_buf_1)
     2    0.01    0.03    0.07    5.81 v _191152_/X (sg13g2_buf_1)
                                         _103881_ (net)
                  0.03    0.00    5.81 v _191273_/A2 (sg13g2_o21ai_1)
     1    0.00    0.07    0.07    5.88 ^ _191273_/Y (sg13g2_o21ai_1)
                                         _103999_ (net)
                  0.07    0.00    5.88 ^ _191274_/A (sg13g2_buf_1)
     1    0.00    0.03    0.08    5.96 ^ _191274_/X (sg13g2_buf_1)
                                         _104000_ (net)
                  0.03    0.00    5.96 ^ _191277_/A2 (sg13g2_a22oi_1)
     1    0.00    0.05    0.06    6.02 v _191277_/Y (sg13g2_a22oi_1)
                                         _104003_ (net)
                  0.05    0.00    6.02 v _191278_/A (sg13g2_buf_1)
     1    0.00    0.02    0.07    6.09 v _191278_/X (sg13g2_buf_1)
                                         _104004_ (net)
                  0.02    0.00    6.09 v _191290_/A2 (sg13g2_o21ai_1)
     1    0.00    0.06    0.07    6.16 ^ _191290_/Y (sg13g2_o21ai_1)
                                         _104016_ (net)
                  0.06    0.00    6.16 ^ _191291_/A (sg13g2_buf_1)
     1    0.01    0.03    0.08    6.24 ^ _191291_/X (sg13g2_buf_1)
                                         _104017_ (net)
                  0.03    0.00    6.24 ^ _191292_/B (sg13g2_xnor2_1)
     1    0.00    0.07    0.08    6.32 ^ _191292_/Y (sg13g2_xnor2_1)
                                         _104018_ (net)
                  0.07    0.00    6.32 ^ _191296_/A2 (sg13g2_o21ai_1)
     1    0.00    0.04    0.06    6.38 v _191296_/Y (sg13g2_o21ai_1)
                                         _104022_ (net)
                  0.04    0.00    6.38 v _191297_/A (sg13g2_buf_1)
     1    0.00    0.02    0.06    6.45 v _191297_/X (sg13g2_buf_1)
                                         _008287_ (net)
                  0.02    0.00    6.45 v soc.system_core_cpu.execute_to_memory_MUL_LH[31]$_DFFE_PP_/D (sg13g2_dfrbp_1)
                                  6.45   data arrival time

                         50.00   50.00   clock clk_core (rise edge)
                          0.00   50.00   clock source latency
     1    0.04    0.08    0.00   50.00 ^ sg13g2_IOPad_io_clock/p2c (sg13g2_IOPadIn)
                                         sg13g2_IOPad_io_clock_p2c (net)
                  0.06    0.00   50.00 ^ clkbuf_0_sg13g2_IOPad_io_clock_p2c/A (sg13g2_buf_8)
     4    0.21    0.11    0.16   50.16 ^ clkbuf_0_sg13g2_IOPad_io_clock_p2c/X (sg13g2_buf_8)
                                         clknet_0_sg13g2_IOPad_io_clock_p2c (net)
                  0.11    0.00   50.16 ^ clkbuf_2_3_0_sg13g2_IOPad_io_clock_p2c/A (sg13g2_buf_16)
     2    0.13    0.05    0.12   50.29 ^ clkbuf_2_3_0_sg13g2_IOPad_io_clock_p2c/X (sg13g2_buf_16)
                                         clknet_2_3_0_sg13g2_IOPad_io_clock_p2c (net)
                  0.05    0.00   50.29 ^ clkbuf_3_6_0_sg13g2_IOPad_io_clock_p2c/A (sg13g2_buf_16)
     8    0.27    0.08    0.12   50.41 ^ clkbuf_3_6_0_sg13g2_IOPad_io_clock_p2c/X (sg13g2_buf_16)
                                         clknet_3_6_0_sg13g2_IOPad_io_clock_p2c (net)
                  0.08    0.00   50.42 ^ clkbuf_6_51_0_sg13g2_IOPad_io_clock_p2c/A (sg13g2_buf_16)
     4    0.06    0.03    0.10   50.51 ^ clkbuf_6_51_0_sg13g2_IOPad_io_clock_p2c/X (sg13g2_buf_16)
                                         clknet_6_51_0_sg13g2_IOPad_io_clock_p2c (net)
                  0.03    0.00   50.51 ^ clkbuf_8_207__f_sg13g2_IOPad_io_clock_p2c/A (sg13g2_buf_8)
     8    0.14    0.08    0.11   50.63 ^ clkbuf_8_207__f_sg13g2_IOPad_io_clock_p2c/X (sg13g2_buf_8)
                                         clknet_8_207__leaf_sg13g2_IOPad_io_clock_p2c (net)
                  0.08    0.00   50.63 ^ clkbuf_leaf_1201_sg13g2_IOPad_io_clock_p2c/A (sg13g2_buf_16)
     8    0.02    0.02    0.09   50.72 ^ clkbuf_leaf_1201_sg13g2_IOPad_io_clock_p2c/X (sg13g2_buf_16)
                                         clknet_leaf_1201_sg13g2_IOPad_io_clock_p2c (net)
                  0.02    0.00   50.72 ^ soc.system_core_cpu.execute_to_memory_MUL_LH[31]$_DFFE_PP_/CLK (sg13g2_dfrbp_1)
                         -0.15   50.57   clock uncertainty
                          0.00   50.57   clock reconvergence pessimism
                         -0.11   50.46   library setup time
                                 50.46   data required time
-----------------------------------------------------------------------------
                                 50.46   data required time
                                 -6.45   data arrival time
-----------------------------------------------------------------------------
                                 44.01   slack (MET)


Startpoint: soc.jtagBridge_1.jtag_tap_fsm_state[3]$_DFF_P_
            (rising edge-triggered flip-flop clocked by clk_jtag)
Endpoint: soc.jtagBridge_1.jtag_tap_tdoUnbufferd_regNext$_DFF_N_
          (rising edge-triggered flip-flop clocked by clk_jtag')
Path Group: clk_jtag
Path Type: max

Fanout     Cap    Slew   Delay    Time   Description
-----------------------------------------------------------------------------
                          0.00    0.00   clock clk_jtag (rise edge)
                          0.00    0.00   clock source latency
    84    0.29    0.50    0.00    0.00 ^ sg13g2_IOPad_io_jtag_tck/p2c (sg13g2_IOPadIn)
                                         sg13g2_IOPad_io_jtag_tck_p2c (net)
                  0.39    0.05    0.05 ^ soc.jtagBridge_1.jtag_tap_fsm_state[3]$_DFF_P_/CLK (sg13g2_dfrbp_1)
     1    0.00    0.03    0.31    0.36 ^ soc.jtagBridge_1.jtag_tap_fsm_state[3]$_DFF_P_/Q (sg13g2_dfrbp_1)
                                         soc.jtagBridge_1.jtag_tap_fsm_state[3] (net)
                  0.03    0.00    0.36 ^ _123210_/A (sg13g2_buf_1)
     2    0.01    0.03    0.07    0.43 ^ _123210_/X (sg13g2_buf_1)
                                         _042387_ (net)
                  0.03    0.00    0.43 ^ _123211_/A (sg13g2_inv_1)
     1    0.00    0.02    0.03    0.45 v _123211_/Y (sg13g2_inv_1)
                                         _042388_ (net)
                  0.02    0.00    0.45 v _123212_/A (sg13g2_buf_1)
     3    0.01    0.04    0.07    0.53 v _123212_/X (sg13g2_buf_1)
                                         _042389_ (net)
                  0.04    0.00    0.53 v _123213_/B (sg13g2_nor2_1)
     1    0.00    0.04    0.05    0.57 ^ _123213_/Y (sg13g2_nor2_1)
                                         _042390_ (net)
                  0.04    0.00    0.57 ^ _123214_/A (sg13g2_buf_1)
     3    0.01    0.05    0.08    0.66 ^ _123214_/X (sg13g2_buf_1)
                                         _042391_ (net)
                  0.05    0.00    0.66 ^ _123215_/A (sg13g2_inv_1)
     1    0.00    0.02    0.03    0.69 v _123215_/Y (sg13g2_inv_1)
                                         _042392_ (net)
                  0.02    0.00    0.69 v _123216_/A (sg13g2_buf_1)
     2    0.01    0.03    0.06    0.75 v _123216_/X (sg13g2_buf_1)
                                         _042393_ (net)
                  0.03    0.00    0.75 v _123217_/A (sg13g2_buf_1)
     3    0.01    0.04    0.08    0.83 v _123217_/X (sg13g2_buf_1)
                                         _042394_ (net)
                  0.04    0.00    0.83 v _123218_/C (sg13g2_nor3_1)
     1    0.00    0.07    0.07    0.90 ^ _123218_/Y (sg13g2_nor3_1)
                                         _042395_ (net)
                  0.07    0.00    0.90 ^ _123219_/A (sg13g2_buf_1)
     3    0.01    0.05    0.10    1.00 ^ _123219_/X (sg13g2_buf_1)
                                         _042396_ (net)
                  0.05    0.00    1.00 ^ _123220_/A (sg13g2_buf_1)
     3    0.01    0.04    0.08    1.08 ^ _123220_/X (sg13g2_buf_1)
                                         _042397_ (net)
                  0.04    0.00    1.08 ^ _123221_/A (sg13g2_buf_1)
     3    0.01    0.05    0.08    1.17 ^ _123221_/X (sg13g2_buf_1)
                                         _042398_ (net)
                  0.05    0.00    1.17 ^ _123222_/A (sg13g2_buf_1)
     3    0.01    0.05    0.09    1.26 ^ _123222_/X (sg13g2_buf_1)
                                         _042399_ (net)
                  0.05    0.00    1.26 ^ _228941_/B (sg13g2_nand4_1)
     1    0.00    0.07    0.09    1.35 v _228941_/Y (sg13g2_nand4_1)
                                         _038371_ (net)
                  0.07    0.00    1.35 v _228942_/A (sg13g2_buf_1)
     1    0.00    0.02    0.08    1.43 v _228942_/X (sg13g2_buf_1)
                                         _038372_ (net)
                  0.02    0.00    1.43 v _228943_/B1 (sg13g2_o21ai_1)
     1    0.03    0.29    0.12    1.55 ^ _228943_/Y (sg13g2_o21ai_1)
                                         _038373_ (net)
                  0.29    0.00    1.55 ^ _228944_/A (sg13g2_buf_1)
     1    0.00    0.03    0.13    1.68 ^ _228944_/X (sg13g2_buf_1)
                                         soc.jtagBridge_1.jtag_tap_tdoUnbufferd (net)
                  0.03    0.00    1.68 ^ soc.jtagBridge_1.jtag_tap_tdoUnbufferd_regNext$_DFF_N_/D (sg13g2_dfrbp_1)
                                  1.68   data arrival time

                         50.00   50.00   clock clk_jtag' (rise edge)
                          0.00   50.00   clock source latency
    84    0.26    0.42    0.00   50.00 v sg13g2_IOPad_io_jtag_tck/p2c (sg13g2_IOPadIn)
                                         sg13g2_IOPad_io_jtag_tck_p2c (net)
                  0.32    0.01   50.01 v _141591_/A (sg13g2_buf_1)
     1    0.00    0.03    0.14   50.15 v _141591_/X (sg13g2_buf_1)
                                         _059911_ (net)
                  0.03    0.00   50.15 v _141592__1/A (sg13g2_inv_1)
     1    0.00    0.02    0.03   50.18 ^ _141592__1/Y (sg13g2_inv_1)
                                         net10779 (net)
                  0.02    0.00   50.18 ^ soc.jtagBridge_1.jtag_tap_tdoUnbufferd_regNext$_DFF_N_/CLK (sg13g2_dfrbp_1)
                         -0.15   50.03   clock uncertainty
                          0.00   50.03   clock reconvergence pessimism
                         -0.11   49.92   library setup time
                                 49.92   data required time
-----------------------------------------------------------------------------
                                 49.92   data required time
                                 -1.68   data arrival time
-----------------------------------------------------------------------------
                                 48.24   slack (MET)



==========================================================================
cts final report_check_types -max_slew -max_cap -max_fanout -violators
--------------------------------------------------------------------------
max slew

Pin                                    Limit    Slew   Slack
------------------------------------------------------------
sg13g2_IOPad_io_pins_8/pad              1.20    4.92   -3.72 (VIOLATED)
sg13g2_IOPad_io_pins_9/pad              1.20    4.92   -3.72 (VIOLATED)
sg13g2_IOPad_io_pins_17/pad             1.20    4.92   -3.72 (VIOLATED)
sg13g2_IOPad_io_pins_10/pad             1.20    4.92   -3.72 (VIOLATED)
sg13g2_IOPad_io_pins_0/pad              1.20    4.92   -3.72 (VIOLATED)
sg13g2_IOPad_io_pins_1/pad              1.20    4.92   -3.72 (VIOLATED)
sg13g2_IOPad_io_spi_dq_0/pad            1.20    4.92   -3.72 (VIOLATED)
sg13g2_IOPad_io_pins_11/pad             1.20    4.92   -3.72 (VIOLATED)
sg13g2_IOPad_io_pins_12/pad             1.20    4.92   -3.72 (VIOLATED)
sg13g2_IOPad_io_pins_13/pad             1.20    4.92   -3.72 (VIOLATED)
sg13g2_IOPad_io_pins_14/pad             1.20    4.92   -3.72 (VIOLATED)
sg13g2_IOPad_io_pins_15/pad             1.20    4.92   -3.72 (VIOLATED)
sg13g2_IOPad_io_pins_16/pad             1.20    4.92   -3.72 (VIOLATED)
sg13g2_IOPad_io_pins_18/pad             1.20    4.92   -3.72 (VIOLATED)
sg13g2_IOPad_io_pins_19/pad             1.20    4.92   -3.72 (VIOLATED)
sg13g2_IOPad_io_pins_2/pad              1.20    4.92   -3.72 (VIOLATED)
sg13g2_IOPad_io_pins_3/pad              1.20    4.92   -3.72 (VIOLATED)
sg13g2_IOPad_io_pins_4/pad              1.20    4.92   -3.72 (VIOLATED)
sg13g2_IOPad_io_pins_5/pad              1.20    4.92   -3.72 (VIOLATED)
sg13g2_IOPad_io_pins_6/pad              1.20    4.92   -3.72 (VIOLATED)
sg13g2_IOPad_io_pins_7/pad              1.20    4.92   -3.72 (VIOLATED)
sg13g2_IOPad_io_hyperbus_cs_0/pad       1.20    4.68   -3.48 (VIOLATED)
sg13g2_IOPad_io_hyperbus_cs_1/pad       1.20    4.68   -3.48 (VIOLATED)
sg13g2_IOPad_io_hyperbus_reset/pad      1.20    4.68   -3.48 (VIOLATED)
sg13g2_IOPad_io_spi_sck/pad             1.20    4.68   -3.48 (VIOLATED)
sg13g2_IOPad_io_jtag_tdo/pad            1.20    4.68   -3.48 (VIOLATED)
sg13g2_IOPad_io_spi_cs_0/pad            1.20    4.68   -3.48 (VIOLATED)
sg13g2_IOPad_io_hyperbus_dq_0/pad       1.20    2.03   -0.83 (VIOLATED)
sg13g2_IOPad_io_hyperbus_dq_1/pad       1.20    2.03   -0.83 (VIOLATED)
sg13g2_IOPad_io_hyperbus_dq_7/pad       1.20    2.03   -0.83 (VIOLATED)
sg13g2_IOPad_io_hyperbus_dq_2/pad       1.20    2.03   -0.83 (VIOLATED)
sg13g2_IOPad_io_hyperbus_dq_6/pad       1.20    2.03   -0.83 (VIOLATED)
sg13g2_IOPad_io_hyperbus_dq_5/pad       1.20    2.03   -0.83 (VIOLATED)
sg13g2_IOPad_io_hyperbus_dq_3/pad       1.20    2.03   -0.83 (VIOLATED)
sg13g2_IOPad_io_hyperbus_dq_4/pad       1.20    2.03   -0.83 (VIOLATED)
sg13g2_IOPad_io_hyperbus_rwds/pad       1.20    1.96   -0.76 (VIOLATED)
io_pins_9_PAD                           3.00    3.69   -0.69 (VIOLATED)
io_pins_8_PAD                           3.00    3.69   -0.69 (VIOLATED)
io_pins_17_PAD                          3.00    3.69   -0.69 (VIOLATED)
io_pins_10_PAD                          3.00    3.69   -0.69 (VIOLATED)
io_spi_dq_0_PAD                         3.00    3.69   -0.69 (VIOLATED)
io_pins_0_PAD                           3.00    3.69   -0.69 (VIOLATED)
io_pins_11_PAD                          3.00    3.69   -0.69 (VIOLATED)
io_pins_12_PAD                          3.00    3.69   -0.69 (VIOLATED)
io_pins_13_PAD                          3.00    3.69   -0.69 (VIOLATED)
io_pins_14_PAD                          3.00    3.69   -0.69 (VIOLATED)
io_pins_15_PAD                          3.00    3.69   -0.69 (VIOLATED)
io_pins_16_PAD                          3.00    3.69   -0.69 (VIOLATED)
io_pins_1_PAD                           3.00    3.69   -0.69 (VIOLATED)
io_pins_7_PAD                           3.00    3.69   -0.69 (VIOLATED)
io_pins_18_PAD                          3.00    3.69   -0.69 (VIOLATED)
io_pins_19_PAD                          3.00    3.69   -0.69 (VIOLATED)
io_pins_2_PAD                           3.00    3.69   -0.69 (VIOLATED)
io_pins_3_PAD                           3.00    3.69   -0.69 (VIOLATED)
io_pins_4_PAD                           3.00    3.69   -0.69 (VIOLATED)
io_pins_5_PAD                           3.00    3.69   -0.69 (VIOLATED)
io_pins_6_PAD                           3.00    3.69   -0.69 (VIOLATED)
io_hyperbus_reset_PAD                   3.00    3.51   -0.51 (VIOLATED)
io_hyperbus_cs_0_PAD                    3.00    3.51   -0.51 (VIOLATED)
io_hyperbus_cs_1_PAD                    3.00    3.51   -0.51 (VIOLATED)
io_spi_sck_PAD                          3.00    3.51   -0.51 (VIOLATED)
io_jtag_tdo_PAD                         3.00    3.51   -0.51 (VIOLATED)
io_spi_cs_0_PAD                         3.00    3.51   -0.51 (VIOLATED)
sg13g2_IOPad_io_hyperbus_ck/pad         1.20    1.24   -0.04 (VIOLATED)

max fanout

Pin                                   Limit Fanout  Slack
---------------------------------------------------------
sg13g2_IOPad_io_jtag_tck/p2c              8     84    -76 (VIOLATED)

max capacitance

Pin                                    Limit     Cap   Slack
------------------------------------------------------------
io_hyperbus_dq_0_PAD                    0.50    5.37   -4.87 (VIOLATED)
io_hyperbus_dq_1_PAD                    0.50    5.37   -4.87 (VIOLATED)
io_hyperbus_dq_2_PAD                    0.50    5.37   -4.87 (VIOLATED)
io_hyperbus_dq_3_PAD                    0.50    5.37   -4.87 (VIOLATED)
io_hyperbus_dq_4_PAD                    0.50    5.37   -4.87 (VIOLATED)
io_hyperbus_dq_5_PAD                    0.50    5.37   -4.87 (VIOLATED)
io_hyperbus_dq_6_PAD                    0.50    5.37   -4.87 (VIOLATED)
io_hyperbus_dq_7_PAD                    0.50    5.37   -4.87 (VIOLATED)
io_hyperbus_rwds_PAD                    0.50    5.37   -4.87 (VIOLATED)
sg13g2_IOPad_io_hyperbus_dq_0/pad       0.50    5.37   -4.87 (VIOLATED)
sg13g2_IOPad_io_hyperbus_dq_1/pad       0.50    5.37   -4.87 (VIOLATED)
sg13g2_IOPad_io_hyperbus_dq_2/pad       0.50    5.37   -4.87 (VIOLATED)
sg13g2_IOPad_io_hyperbus_dq_3/pad       0.50    5.37   -4.87 (VIOLATED)
sg13g2_IOPad_io_hyperbus_dq_4/pad       0.50    5.37   -4.87 (VIOLATED)
sg13g2_IOPad_io_hyperbus_dq_5/pad       0.50    5.37   -4.87 (VIOLATED)
sg13g2_IOPad_io_hyperbus_dq_6/pad       0.50    5.37   -4.87 (VIOLATED)
sg13g2_IOPad_io_hyperbus_dq_7/pad       0.50    5.37   -4.87 (VIOLATED)
sg13g2_IOPad_io_hyperbus_rwds/pad       0.50    5.37   -4.87 (VIOLATED)
io_clock_PAD                            0.50    5.24   -4.74 (VIOLATED)
io_jtag_tck_PAD                         0.50    5.24   -4.74 (VIOLATED)
io_jtag_tdi_PAD                         0.50    5.24   -4.74 (VIOLATED)
io_jtag_tms_PAD                         0.50    5.24   -4.74 (VIOLATED)
io_reset_PAD                            0.50    5.24   -4.74 (VIOLATED)
io_pins_0_PAD                           0.50    5.21   -4.71 (VIOLATED)
io_pins_10_PAD                          0.50    5.21   -4.71 (VIOLATED)
io_pins_11_PAD                          0.50    5.21   -4.71 (VIOLATED)
io_pins_12_PAD                          0.50    5.21   -4.71 (VIOLATED)
io_pins_13_PAD                          0.50    5.21   -4.71 (VIOLATED)
io_pins_14_PAD                          0.50    5.21   -4.71 (VIOLATED)
io_pins_15_PAD                          0.50    5.21   -4.71 (VIOLATED)
io_pins_16_PAD                          0.50    5.21   -4.71 (VIOLATED)
io_pins_17_PAD                          0.50    5.21   -4.71 (VIOLATED)
io_pins_18_PAD                          0.50    5.21   -4.71 (VIOLATED)
io_pins_19_PAD                          0.50    5.21   -4.71 (VIOLATED)
io_pins_1_PAD                           0.50    5.21   -4.71 (VIOLATED)
io_pins_2_PAD                           0.50    5.21   -4.71 (VIOLATED)
io_pins_3_PAD                           0.50    5.21   -4.71 (VIOLATED)
io_pins_4_PAD                           0.50    5.21   -4.71 (VIOLATED)
io_pins_5_PAD                           0.50    5.21   -4.71 (VIOLATED)
io_pins_6_PAD                           0.50    5.21   -4.71 (VIOLATED)
io_pins_7_PAD                           0.50    5.21   -4.71 (VIOLATED)
io_pins_8_PAD                           0.50    5.21   -4.71 (VIOLATED)
io_pins_9_PAD                           0.50    5.21   -4.71 (VIOLATED)
io_spi_dq_0_PAD                         0.50    5.21   -4.71 (VIOLATED)
io_spi_dq_1_PAD                         0.50    5.21   -4.71 (VIOLATED)
io_spi_dq_2_PAD                         0.50    5.21   -4.71 (VIOLATED)
io_spi_dq_3_PAD                         0.50    5.21   -4.71 (VIOLATED)
sg13g2_IOPad_io_pins_0/pad              0.50    5.21   -4.71 (VIOLATED)
sg13g2_IOPad_io_pins_1/pad              0.50    5.21   -4.71 (VIOLATED)
sg13g2_IOPad_io_pins_10/pad             0.50    5.21   -4.71 (VIOLATED)
sg13g2_IOPad_io_pins_11/pad             0.50    5.21   -4.71 (VIOLATED)
sg13g2_IOPad_io_pins_12/pad             0.50    5.21   -4.71 (VIOLATED)
sg13g2_IOPad_io_pins_13/pad             0.50    5.21   -4.71 (VIOLATED)
sg13g2_IOPad_io_pins_14/pad             0.50    5.21   -4.71 (VIOLATED)
sg13g2_IOPad_io_pins_15/pad             0.50    5.21   -4.71 (VIOLATED)
sg13g2_IOPad_io_pins_16/pad             0.50    5.21   -4.71 (VIOLATED)
sg13g2_IOPad_io_pins_17/pad             0.50    5.21   -4.71 (VIOLATED)
sg13g2_IOPad_io_pins_18/pad             0.50    5.21   -4.71 (VIOLATED)
sg13g2_IOPad_io_pins_19/pad             0.50    5.21   -4.71 (VIOLATED)
sg13g2_IOPad_io_pins_2/pad              0.50    5.21   -4.71 (VIOLATED)
sg13g2_IOPad_io_pins_3/pad              0.50    5.21   -4.71 (VIOLATED)
sg13g2_IOPad_io_pins_4/pad              0.50    5.21   -4.71 (VIOLATED)
sg13g2_IOPad_io_pins_5/pad              0.50    5.21   -4.71 (VIOLATED)
sg13g2_IOPad_io_pins_6/pad              0.50    5.21   -4.71 (VIOLATED)
sg13g2_IOPad_io_pins_7/pad              0.50    5.21   -4.71 (VIOLATED)
sg13g2_IOPad_io_pins_8/pad              0.50    5.21   -4.71 (VIOLATED)
sg13g2_IOPad_io_pins_9/pad              0.50    5.21   -4.71 (VIOLATED)
sg13g2_IOPad_io_spi_dq_0/pad            0.50    5.21   -4.71 (VIOLATED)
sg13g2_IOPad_io_spi_dq_1/pad            0.50    5.21   -4.71 (VIOLATED)
sg13g2_IOPad_io_spi_dq_2/pad            0.50    5.21   -4.71 (VIOLATED)
sg13g2_IOPad_io_spi_dq_3/pad            0.50    5.21   -4.71 (VIOLATED)
io_forFutureUse_0_PAD                   0.50    5.00   -4.50 (VIOLATED)
io_forFutureUse_1_PAD                   0.50    5.00   -4.50 (VIOLATED)
io_forFutureUse_2_PAD                   0.50    5.00   -4.50 (VIOLATED)
io_hyperbus_ck_PAD                      0.50    5.00   -4.50 (VIOLATED)
io_hyperbus_cs_0_PAD                    0.50    5.00   -4.50 (VIOLATED)
io_hyperbus_cs_1_PAD                    0.50    5.00   -4.50 (VIOLATED)
io_hyperbus_reset_PAD                   0.50    5.00   -4.50 (VIOLATED)
io_jtag_tdo_PAD                         0.50    5.00   -4.50 (VIOLATED)
io_spi_cs_0_PAD                         0.50    5.00   -4.50 (VIOLATED)
io_spi_sck_PAD                          0.50    5.00   -4.50 (VIOLATED)
sg13g2_IOPad_io_hyperbus_ck/pad         0.50    5.00   -4.50 (VIOLATED)
sg13g2_IOPad_io_hyperbus_cs_0/pad       0.50    5.00   -4.50 (VIOLATED)
sg13g2_IOPad_io_hyperbus_cs_1/pad       0.50    5.00   -4.50 (VIOLATED)
sg13g2_IOPad_io_hyperbus_reset/pad      0.50    5.00   -4.50 (VIOLATED)
sg13g2_IOPad_io_jtag_tdo/pad            0.50    5.00   -4.50 (VIOLATED)
sg13g2_IOPad_io_spi_cs_0/pad            0.50    5.00   -4.50 (VIOLATED)
sg13g2_IOPad_io_spi_sck/pad             0.50    5.00   -4.50 (VIOLATED)
soc.peripherals_aesCtrl.ctrl.ram/A_DOUT[2]    0.00    0.01   -0.01 (VIOLATED)
soc.peripherals_aesCtrl.ctrl.ram/A_DOUT[0]    0.00    0.01   -0.01 (VIOLATED)
soc.peripherals_aesCtrl.ctrl.ram/A_DOUT[6]    0.00    0.01   -0.01 (VIOLATED)
soc.peripherals_aesCtrl.ctrl.ram/A_DOUT[3]    0.00    0.01   -0.01 (VIOLATED)
soc.peripherals_aesCtrl.ctrl.ram/A_DOUT[7]    0.00    0.01   -0.01 (VIOLATED)
soc.peripherals_aesCtrl.ctrl.ram/A_DOUT[20]    0.00    0.01   -0.01 (VIOLATED)
soc.peripherals_aesCtrl.ctrl.ram/A_DOUT[21]    0.00    0.01   -0.01 (VIOLATED)
soc.peripherals_aesCtrl.ctrl.ram/A_DOUT[22]    0.00    0.01   -0.01 (VIOLATED)
soc.peripherals_aesCtrl.ctrl.ram/A_DOUT[24]    0.00    0.00   -0.00 (VIOLATED)
soc.peripherals_aesCtrl.ctrl.ram/A_DOUT[25]    0.00    0.00   -0.00 (VIOLATED)
soc.peripherals_aesCtrl.ctrl.ram/A_DOUT[27]    0.00    0.00   -0.00 (VIOLATED)
soc.peripherals_aesCtrl.ctrl.ram/A_DOUT[19]    0.00    0.00   -0.00 (VIOLATED)
soc.peripherals_aesCtrl.ctrl.ram/A_DOUT[13]    0.00    0.00   -0.00 (VIOLATED)
soc.peripherals_aesCtrl.ctrl.ram/A_DOUT[14]    0.00    0.00   -0.00 (VIOLATED)
soc.peripherals_aesCtrl.ctrl.ram/A_DOUT[16]    0.00    0.00   -0.00 (VIOLATED)
soc.peripherals_aesCtrl.ctrl.ram/A_DOUT[15]    0.00    0.00   -0.00 (VIOLATED)
soc.peripherals_aesCtrl.ctrl.ram/A_DOUT[17]    0.00    0.00   -0.00 (VIOLATED)
soc.peripherals_aesCtrl.ctrl.ram/A_DOUT[12]    0.00    0.00   -0.00 (VIOLATED)
soc.peripherals_aesCtrl.ctrl.ram/A_DOUT[11]    0.00    0.00   -0.00 (VIOLATED)
soc.peripherals_aesCtrl.ctrl.ram/A_DOUT[18]    0.00    0.00   -0.00 (VIOLATED)
soc.peripherals_aesCtrl.ctrl.ram/A_DOUT[5]    0.00    0.00   -0.00 (VIOLATED)
soc.peripherals_aesCtrl.ctrl.ram/A_DOUT[10]    0.00    0.00   -0.00 (VIOLATED)
soc.peripherals_aesCtrl.ctrl.ram/A_DOUT[8]    0.00    0.00   -0.00 (VIOLATED)
soc.system_onChipCtrl.engine_ram/A_DOUT[4]    0.00    0.00   -0.00 (VIOLATED)
soc.peripherals_aesCtrl.ctrl.ram/A_DOUT[26]    0.00    0.00   -0.00 (VIOLATED)
soc.peripherals_aesCtrl.ctrl.ram/A_DOUT[4]    0.00    0.00   -0.00 (VIOLATED)
soc.system_onChipCtrl.engine_ram/A_DOUT[7]    0.00    0.00   -0.00 (VIOLATED)
soc.peripherals_aesCtrl.ctrl.ram/A_DOUT[9]    0.00    0.00   -0.00 (VIOLATED)
soc.peripherals_aesCtrl.ctrl.ram/A_DOUT[23]    0.00    0.00   -0.00 (VIOLATED)
soc.system_onChipCtrl.engine_ram/A_DOUT[6]    0.00    0.00   -0.00 (VIOLATED)
soc.system_onChipCtrl.engine_ram/A_DOUT[5]    0.00    0.00   -0.00 (VIOLATED)
soc.system_onChipCtrl.engine_ram/A_DOUT[1]    0.00    0.00   -0.00 (VIOLATED)
soc.system_onChipCtrl.engine_ram/A_DOUT[2]    0.00    0.00   -0.00 (VIOLATED)
soc.system_onChipCtrl.engine_ram/A_DOUT[0]    0.00    0.00   -0.00 (VIOLATED)
soc.system_onChipCtrl.engine_ram/A_DOUT[3]    0.00    0.00   -0.00 (VIOLATED)
soc.peripherals_aesCtrl.ctrl.ram/A_DOUT[1]    0.00    0.00   -0.00 (VIOLATED)


==========================================================================
cts final max_slew_check_slack
--------------------------------------------------------------------------
-3.7175440788269043

==========================================================================
cts final max_slew_check_limit
--------------------------------------------------------------------------
1.2000000476837158

==========================================================================
cts final max_slew_check_slack_limit
--------------------------------------------------------------------------
-3.0980

==========================================================================
cts final max_fanout_check_slack
--------------------------------------------------------------------------
-76.0

==========================================================================
cts final max_fanout_check_limit
--------------------------------------------------------------------------
8.0

==========================================================================
cts final max_fanout_check_slack_limit
--------------------------------------------------------------------------
-9.5000

==========================================================================
cts final max_capacitance_check_slack
--------------------------------------------------------------------------
-4.874009132385254

==========================================================================
cts final max_capacitance_check_limit
--------------------------------------------------------------------------
0.5

==========================================================================
cts final max_capacitance_check_slack_limit
--------------------------------------------------------------------------
-9.7480

==========================================================================
cts final max_slew_violation_count
--------------------------------------------------------------------------
max slew violation count 64

==========================================================================
cts final max_fanout_violation_count
--------------------------------------------------------------------------
max fanout violation count 1

==========================================================================
cts final max_cap_violation_count
--------------------------------------------------------------------------
max cap violation count 124

==========================================================================
cts final setup_violation_count
--------------------------------------------------------------------------
setup violation count 0

==========================================================================
cts final hold_violation_count
--------------------------------------------------------------------------
hold violation count 0

==========================================================================
cts final report_checks -path_delay max reg to reg
--------------------------------------------------------------------------
Startpoint: soc.system_core_cpu.decode_to_execute_RS1[1]$_DFFE_PN_
            (rising edge-triggered flip-flop clocked by clk_core)
Endpoint: soc.system_core_cpu.execute_to_memory_MUL_LH[31]$_DFFE_PP_
          (rising edge-triggered flip-flop clocked by clk_core)
Path Group: clk_core
Path Type: max

  Delay    Time   Description
---------------------------------------------------------
   0.00    0.00   clock clk_core (rise edge)
   0.00    0.00   clock source latency
   0.00    0.00 ^ sg13g2_IOPad_io_clock/p2c (sg13g2_IOPadIn)
   0.16    0.16 ^ clkbuf_0_sg13g2_IOPad_io_clock_p2c/X (sg13g2_buf_8)
   0.13    0.29 ^ clkbuf_2_3_0_sg13g2_IOPad_io_clock_p2c/X (sg13g2_buf_16)
   0.12    0.41 ^ clkbuf_3_6_0_sg13g2_IOPad_io_clock_p2c/X (sg13g2_buf_16)
   0.10    0.51 ^ clkbuf_6_54_0_sg13g2_IOPad_io_clock_p2c/X (sg13g2_buf_16)
   0.11    0.63 ^ clkbuf_8_218__f_sg13g2_IOPad_io_clock_p2c/X (sg13g2_buf_8)
   0.09    0.71 ^ clkbuf_leaf_1032_sg13g2_IOPad_io_clock_p2c/X (sg13g2_buf_16)
   0.00    0.71 ^ soc.system_core_cpu.decode_to_execute_RS1[1]$_DFFE_PN_/CLK (sg13g2_dfrbp_1)
   0.21    0.93 ^ soc.system_core_cpu.decode_to_execute_RS1[1]$_DFFE_PN_/Q (sg13g2_dfrbp_1)
   0.08    1.01 ^ _126942_/X (sg13g2_buf_1)
   0.08    1.09 ^ _126943_/X (sg13g2_buf_1)
   0.08    1.18 ^ _126944_/X (sg13g2_buf_1)
   0.08    1.26 ^ _126945_/X (sg13g2_buf_1)
   0.08    1.34 ^ _126946_/X (sg13g2_buf_1)
   0.08    1.43 ^ _126947_/X (sg13g2_buf_1)
   0.08    1.51 ^ _126948_/X (sg13g2_buf_1)
   0.08    1.59 ^ _126949_/X (sg13g2_buf_1)
   0.09    1.68 ^ _126950_/X (sg13g2_buf_1)
   0.08    1.76 ^ _126951_/X (sg13g2_buf_1)
   0.08    1.84 ^ _187793_/X (sg13g2_buf_1)
   0.09    1.93 ^ _187794_/X (sg13g2_buf_1)
   0.09    2.01 ^ _187795_/X (sg13g2_buf_1)
   0.09    2.10 ^ _187796_/X (sg13g2_buf_1)
   0.09    2.19 ^ _187797_/X (sg13g2_buf_1)
   0.09    2.28 ^ _187798_/X (sg13g2_buf_1)
   0.09    2.37 ^ _187799_/X (sg13g2_buf_1)
   0.08    2.45 ^ _187800_/X (sg13g2_buf_1)
   0.09    2.54 ^ _187801_/X (sg13g2_buf_1)
   0.09    2.62 ^ _187802_/X (sg13g2_buf_1)
   0.06    2.69 v _187803_/Y (sg13g2_nand2_1)
   0.09    2.77 ^ _187804_/X (sg13g2_xor2_1)
   0.10    2.87 ^ _187805_/X (sg13g2_buf_1)
   0.10    2.97 ^ _187806_/X (sg13g2_xor2_1)
   0.09    3.06 ^ _187807_/X (sg13g2_buf_1)
   0.10    3.16 ^ _187808_/X (sg13g2_xor2_1)
   0.10    3.26 ^ _187809_/X (sg13g2_buf_1)
   0.09    3.35 ^ _187836_/X (sg13g2_buf_8)
   0.15    3.49 v _187837_/X (sg13g2_mux2_1)
   0.06    3.56 v _187838_/X (sg13g2_buf_1)
   0.13    3.69 ^ _187859_/Y (sg13g2_nor4_1)
   0.10    3.79 ^ _187860_/X (sg13g2_buf_1)
   0.09    3.88 ^ _187861_/X (sg13g2_buf_1)
   0.05    3.92 v _188453_/Y (sg13g2_nand2_1)
   0.07    4.00 v _188454_/X (sg13g2_buf_1)
   0.04    4.04 ^ _188455_/Y (sg13g2_nand3b_1)
   0.06    4.10 ^ _188456_/X (sg13g2_buf_1)
   0.07    4.17 v _188457_/Y (sg13g2_nand3b_1)
   0.08    4.25 v _188458_/X (sg13g2_buf_1)
   0.08    4.33 ^ _188632_/Y (sg13g2_o21ai_1)
   0.09    4.43 ^ _188633_/X (sg13g2_buf_1)
   0.11    4.54 ^ _189006_/X (sg13g2_a21o_1)
   0.08    4.62 ^ _189007_/X (sg13g2_buf_1)
   0.06    4.68 v _189395_/Y (sg13g2_a21oi_1)
   0.08    4.76 v _189396_/X (sg13g2_buf_1)
   0.08    4.83 ^ _189952_/Y (sg13g2_o21ai_1)
   0.09    4.93 ^ _189953_/X (sg13g2_buf_1)
   0.10    5.02 ^ _190562_/X (sg13g2_a21o_1)
   0.06    5.08 ^ _190563_/X (sg13g2_buf_1)
   0.05    5.14 v _190565_/Y (sg13g2_a21oi_1)
   0.08    5.21 v _190566_/X (sg13g2_buf_1)
   0.12    5.34 ^ _190720_/Y (sg13g2_nor4_1)
   0.10    5.44 ^ _190721_/X (sg13g2_buf_1)
   0.05    5.49 v _191001_/Y (sg13g2_o21ai_1)
   0.08    5.57 v _191002_/X (sg13g2_buf_1)
   0.04    5.62 ^ _191148_/Y (sg13g2_nand3_1)
   0.06    5.68 ^ _191149_/X (sg13g2_buf_1)
   0.05    5.73 v _191151_/Y (sg13g2_a21oi_1)
   0.07    5.81 v _191152_/X (sg13g2_buf_1)
   0.07    5.88 ^ _191273_/Y (sg13g2_o21ai_1)
   0.08    5.96 ^ _191274_/X (sg13g2_buf_1)
   0.06    6.02 v _191277_/Y (sg13g2_a22oi_1)
   0.07    6.09 v _191278_/X (sg13g2_buf_1)
   0.07    6.16 ^ _191290_/Y (sg13g2_o21ai_1)
   0.08    6.24 ^ _191291_/X (sg13g2_buf_1)
   0.08    6.32 ^ _191292_/Y (sg13g2_xnor2_1)
   0.06    6.38 v _191296_/Y (sg13g2_o21ai_1)
   0.06    6.45 v _191297_/X (sg13g2_buf_1)
   0.00    6.45 v soc.system_core_cpu.execute_to_memory_MUL_LH[31]$_DFFE_PP_/D (sg13g2_dfrbp_1)
           6.45   data arrival time

  50.00   50.00   clock clk_core (rise edge)
   0.00   50.00   clock source latency
   0.00   50.00 ^ sg13g2_IOPad_io_clock/p2c (sg13g2_IOPadIn)
   0.16   50.16 ^ clkbuf_0_sg13g2_IOPad_io_clock_p2c/X (sg13g2_buf_8)
   0.13   50.29 ^ clkbuf_2_3_0_sg13g2_IOPad_io_clock_p2c/X (sg13g2_buf_16)
   0.12   50.41 ^ clkbuf_3_6_0_sg13g2_IOPad_io_clock_p2c/X (sg13g2_buf_16)
   0.10   50.51 ^ clkbuf_6_51_0_sg13g2_IOPad_io_clock_p2c/X (sg13g2_buf_16)
   0.12   50.63 ^ clkbuf_8_207__f_sg13g2_IOPad_io_clock_p2c/X (sg13g2_buf_8)
   0.09   50.72 ^ clkbuf_leaf_1201_sg13g2_IOPad_io_clock_p2c/X (sg13g2_buf_16)
   0.00   50.72 ^ soc.system_core_cpu.execute_to_memory_MUL_LH[31]$_DFFE_PP_/CLK (sg13g2_dfrbp_1)
  -0.15   50.57   clock uncertainty
   0.00   50.57   clock reconvergence pessimism
  -0.11   50.46   library setup time
          50.46   data required time
---------------------------------------------------------
          50.46   data required time
          -6.45   data arrival time
---------------------------------------------------------
          44.01   slack (MET)


Startpoint: soc.jtagBridge_1.jtag_tap_fsm_state[3]$_DFF_P_
            (rising edge-triggered flip-flop clocked by clk_jtag)
Endpoint: soc.jtagBridge_1.jtag_tap_tdoUnbufferd_regNext$_DFF_N_
          (rising edge-triggered flip-flop clocked by clk_jtag')
Path Group: clk_jtag
Path Type: max

  Delay    Time   Description
---------------------------------------------------------
   0.00    0.00   clock clk_jtag (rise edge)
   0.00    0.00   clock source latency
   0.00    0.00 ^ sg13g2_IOPad_io_jtag_tck/p2c (sg13g2_IOPadIn)
   0.05    0.05 ^ soc.jtagBridge_1.jtag_tap_fsm_state[3]$_DFF_P_/CLK (sg13g2_dfrbp_1)
   0.31    0.36 ^ soc.jtagBridge_1.jtag_tap_fsm_state[3]$_DFF_P_/Q (sg13g2_dfrbp_1)
   0.07    0.43 ^ _123210_/X (sg13g2_buf_1)
   0.03    0.45 v _123211_/Y (sg13g2_inv_1)
   0.07    0.53 v _123212_/X (sg13g2_buf_1)
   0.05    0.57 ^ _123213_/Y (sg13g2_nor2_1)
   0.08    0.66 ^ _123214_/X (sg13g2_buf_1)
   0.03    0.69 v _123215_/Y (sg13g2_inv_1)
   0.06    0.75 v _123216_/X (sg13g2_buf_1)
   0.08    0.83 v _123217_/X (sg13g2_buf_1)
   0.07    0.90 ^ _123218_/Y (sg13g2_nor3_1)
   0.10    1.00 ^ _123219_/X (sg13g2_buf_1)
   0.08    1.08 ^ _123220_/X (sg13g2_buf_1)
   0.08    1.17 ^ _123221_/X (sg13g2_buf_1)
   0.09    1.26 ^ _123222_/X (sg13g2_buf_1)
   0.09    1.35 v _228941_/Y (sg13g2_nand4_1)
   0.08    1.43 v _228942_/X (sg13g2_buf_1)
   0.12    1.55 ^ _228943_/Y (sg13g2_o21ai_1)
   0.13    1.68 ^ _228944_/X (sg13g2_buf_1)
   0.00    1.68 ^ soc.jtagBridge_1.jtag_tap_tdoUnbufferd_regNext$_DFF_N_/D (sg13g2_dfrbp_1)
           1.68   data arrival time

  50.00   50.00   clock clk_jtag' (rise edge)
   0.00   50.00   clock source latency
   0.00   50.00 v sg13g2_IOPad_io_jtag_tck/p2c (sg13g2_IOPadIn)
   0.15   50.15 v _141591_/X (sg13g2_buf_1)
   0.03   50.18 ^ _141592__1/Y (sg13g2_inv_1)
   0.00   50.18 ^ soc.jtagBridge_1.jtag_tap_tdoUnbufferd_regNext$_DFF_N_/CLK (sg13g2_dfrbp_1)
  -0.15   50.03   clock uncertainty
   0.00   50.03   clock reconvergence pessimism
  -0.11   49.92   library setup time
          49.92   data required time
---------------------------------------------------------
          49.92   data required time
          -1.68   data arrival time
---------------------------------------------------------
          48.24   slack (MET)



==========================================================================
cts final report_checks -path_delay min reg to reg
--------------------------------------------------------------------------
Startpoint: soc.system_core_cpu.execute_to_memory_MUL_LL[12]$_DFFE_PP_
            (rising edge-triggered flip-flop clocked by clk_core)
Endpoint: soc.system_core_cpu.memory_to_writeBack_MUL_LOW[12]$_DFF_P_
          (rising edge-triggered flip-flop clocked by clk_core)
Path Group: clk_core
Path Type: min

  Delay    Time   Description
---------------------------------------------------------
   0.00    0.00   clock clk_core (rise edge)
   0.00    0.00   clock source latency
   0.00    0.00 ^ sg13g2_IOPad_io_clock/p2c (sg13g2_IOPadIn)
   0.16    0.16 ^ clkbuf_0_sg13g2_IOPad_io_clock_p2c/X (sg13g2_buf_8)
   0.13    0.29 ^ clkbuf_2_3_0_sg13g2_IOPad_io_clock_p2c/X (sg13g2_buf_16)
   0.12    0.41 ^ clkbuf_3_6_0_sg13g2_IOPad_io_clock_p2c/X (sg13g2_buf_16)
   0.10    0.51 ^ clkbuf_6_51_0_sg13g2_IOPad_io_clock_p2c/X (sg13g2_buf_16)
   0.11    0.63 ^ clkbuf_8_205__f_sg13g2_IOPad_io_clock_p2c/X (sg13g2_buf_8)
   0.00    0.63 ^ soc.system_core_cpu.execute_to_memory_MUL_LL[12]$_DFFE_PP_/CLK (sg13g2_dfrbp_1)
   0.23    0.86 v soc.system_core_cpu.execute_to_memory_MUL_LL[12]$_DFFE_PP_/Q (sg13g2_dfrbp_1)
   0.00    0.86 v soc.system_core_cpu.memory_to_writeBack_MUL_LOW[12]$_DFF_P_/D (sg13g2_dfrbp_1)
           0.86   data arrival time

   0.00    0.00   clock clk_core (rise edge)
   0.00    0.00   clock source latency
   0.00    0.00 ^ sg13g2_IOPad_io_clock/p2c (sg13g2_IOPadIn)
   0.16    0.16 ^ clkbuf_0_sg13g2_IOPad_io_clock_p2c/X (sg13g2_buf_8)
   0.13    0.29 ^ clkbuf_2_3_0_sg13g2_IOPad_io_clock_p2c/X (sg13g2_buf_16)
   0.12    0.41 ^ clkbuf_3_6_0_sg13g2_IOPad_io_clock_p2c/X (sg13g2_buf_16)
   0.10    0.51 ^ clkbuf_6_51_0_sg13g2_IOPad_io_clock_p2c/X (sg13g2_buf_16)
   0.13    0.64 ^ clkbuf_8_206__f_sg13g2_IOPad_io_clock_p2c/X (sg13g2_buf_8)
   0.10    0.75 ^ clkbuf_leaf_1204_sg13g2_IOPad_io_clock_p2c/X (sg13g2_buf_16)
   0.00    0.75 ^ soc.system_core_cpu.memory_to_writeBack_MUL_LOW[12]$_DFF_P_/CLK (sg13g2_dfrbp_1)
   0.15    0.90   clock uncertainty
   0.00    0.90   clock reconvergence pessimism
  -0.04    0.86   library hold time
           0.86   data required time
---------------------------------------------------------
           0.86   data required time
          -0.86   data arrival time
---------------------------------------------------------
           0.00   slack (MET)


Startpoint: soc.jtagBridge_1.jtag_idcodeArea_shifter[19]$_SDFFE_PP0P_
            (rising edge-triggered flip-flop clocked by clk_jtag)
Endpoint: soc.jtagBridge_1.jtag_idcodeArea_shifter[18]$_SDFFE_PP0P_
          (rising edge-triggered flip-flop clocked by clk_jtag)
Path Group: clk_jtag
Path Type: min

  Delay    Time   Description
---------------------------------------------------------
   0.00    0.00   clock clk_jtag (rise edge)
   0.00    0.00   clock source latency
   0.00    0.00 ^ sg13g2_IOPad_io_jtag_tck/p2c (sg13g2_IOPadIn)
   0.05    0.05 ^ soc.jtagBridge_1.jtag_idcodeArea_shifter[19]$_SDFFE_PP0P_/CLK (sg13g2_dfrbp_1)
   0.30    0.35 v soc.jtagBridge_1.jtag_idcodeArea_shifter[19]$_SDFFE_PP0P_/Q (sg13g2_dfrbp_1)
   0.07    0.42 v _215905_/X (sg13g2_buf_1)
   0.03    0.45 ^ _215906_/Y (sg13g2_nand2_1)
   0.05    0.49 v _215908_/Y (sg13g2_a21oi_1)
   0.00    0.49 v soc.jtagBridge_1.jtag_idcodeArea_shifter[18]$_SDFFE_PP0P_/D (sg13g2_dfrbp_1)
           0.49   data arrival time

   0.00    0.00   clock clk_jtag (rise edge)
   0.00    0.00   clock source latency
   0.00    0.00 ^ sg13g2_IOPad_io_jtag_tck/p2c (sg13g2_IOPadIn)
   0.05    0.05 ^ soc.jtagBridge_1.jtag_idcodeArea_shifter[18]$_SDFFE_PP0P_/CLK (sg13g2_dfrbp_1)
   0.15    0.20   clock uncertainty
   0.00    0.20   clock reconvergence pessimism
   0.05    0.25   library hold time
           0.25   data required time
---------------------------------------------------------
           0.25   data required time
          -0.49   data arrival time
---------------------------------------------------------
           0.25   slack (MET)



==========================================================================
cts final critical path target clock latency max path
--------------------------------------------------------------------------
0

==========================================================================
cts final critical path target clock latency min path
--------------------------------------------------------------------------
0

==========================================================================
cts final critical path source clock latency min path
--------------------------------------------------------------------------
0

==========================================================================
cts final critical path delay
--------------------------------------------------------------------------
6.4487

==========================================================================
cts final critical path slack
--------------------------------------------------------------------------
44.0094

==========================================================================
cts final slack div critical path delay
--------------------------------------------------------------------------
682.453828

==========================================================================
cts final report_power
--------------------------------------------------------------------------
Group                  Internal  Switching    Leakage      Total
                          Power      Power      Power      Power (Watts)
----------------------------------------------------------------
Sequential             3.13e-03   9.02e-05   5.18e-06   3.22e-03  25.7%
Combinational          5.25e-03   3.04e-03   1.42e-05   8.30e-03  66.2%
Clock                  3.28e-04   1.28e-04   3.16e-06   4.59e-04   3.7%
Macro                  3.18e-05   0.00e+00   2.97e-07   3.21e-05   0.3%
Pad                    4.89e-05   4.82e-04   9.58e-08   5.31e-04   4.2%
----------------------------------------------------------------
Total                  8.78e-03   3.74e-03   2.30e-05   1.25e-02 100.0%
                          70.0%      29.8%       0.2%
